Aug 13 15:55:04 pfSense syslogd: kernel boot file is /boot/kernel/kernel
Aug 13 15:55:04 pfSense kernel: Copyright (c) 1992-2012 The FreeBSD Project.
Aug 13 15:55:04 pfSense kernel: Copyright (c) 1979, 1980, 1983, 1986, 1988, 1989, 1991, 1992, 1993, 1994
Aug 13 15:55:04 pfSense kernel: The Regents of the University of California. All rights reserved.
Aug 13 15:55:04 pfSense kernel: FreeBSD is a registered trademark of The FreeBSD Foundation.
Aug 13 15:55:04 pfSense kernel: FreeBSD 8.3-RELEASE-p16 #0: Thu May  1 16:19:14 EDT 2014
Aug 13 15:55:04 pfSense kernel: root@pf2_1_1_amd64.pfsense.org:/usr/obj.amd64/usr/pfSensesrc/src/sys/pfSense_SMP.8 amd64
Aug 13 15:55:04 pfSense kernel: Timecounter "i8254" frequency 1193182 Hz quality 0
Aug 13 15:55:04 pfSense kernel: CPU: Intel(R) Core(TM) i5-4300U CPU @ 1.90GHz (2483.90-MHz K8-class CPU)
Aug 13 15:55:04 pfSense kernel: Origin = "GenuineIntel"  Id = 0x40651  Family = 6  Model = 45  Stepping = 1
Aug 13 15:55:04 pfSense kernel: Features=0x783fbff<FPU,VME,DE,PSE,TSC,MSR,PAE,MCE,CX8,APIC,SEP,MTRR,PGE,MCA,CMOV,PAT,PSE36,MMX,FXSR,SSE,SSE2>
Aug 13 15:55:04 pfSense kernel: Features2=0x209<SSE3,MON,SSSE3>
Aug 13 15:55:04 pfSense kernel: AMD Features=0x28100800<SYSCALL,NX,RDTSCP,LM>
Aug 13 15:55:04 pfSense kernel: AMD Features2=0x1<LAHF>
Aug 13 15:55:04 pfSense kernel: TSC: P-state invariant
Aug 13 15:55:04 pfSense kernel: real memory  = 536805376 (511 MB)
Aug 13 15:55:04 pfSense kernel: avail memory = 491438080 (468 MB)
Aug 13 15:55:04 pfSense kernel: ACPI APIC Table: <VBOX   VBOXAPIC>
Aug 13 15:55:04 pfSense kernel: ioapic0 <Version 1.1> irqs 0-23 on motherboard
Aug 13 15:55:04 pfSense kernel: wlan: mac acl policy registered
Aug 13 15:55:04 pfSense kernel: ipw_bss: You need to read the LICENSE file in /usr/share/doc/legal/intel_ipw/.
Aug 13 15:55:04 pfSense kernel: ipw_bss: If you agree with the license, set legal.intel_ipw.license_ack=1 in /boot/loader.conf.
Aug 13 15:55:04 pfSense kernel: module_register_init: MOD_LOAD (ipw_bss_fw, 0xffffffff804abaf0, 0) error 1
Aug 13 15:55:04 pfSense kernel: ipw_ibss: You need to read the LICENSE file in /usr/share/doc/legal/intel_ipw/.
Aug 13 15:55:04 pfSense kernel: ipw_ibss: If you agree with the license, set legal.intel_ipw.license_ack=1 in /boot/loader.conf.
Aug 13 15:55:04 pfSense kernel: module_register_init: MOD_LOAD (ipw_ibss_fw, 0xffffffff804abb90, 0) error 1
Aug 13 15:55:04 pfSense kernel: ipw_monitor: You need to read the LICENSE file in /usr/share/doc/legal/intel_ipw/.
Aug 13 15:55:04 pfSense kernel: ipw_monitor: If you agree with the license, set legal.intel_ipw.license_ack=1 in /boot/loader.conf.
Aug 13 15:55:04 pfSense kernel: module_register_init: MOD_LOAD (ipw_monitor_fw, 0xffffffff804abc30, 0) error 1
Aug 13 15:55:04 pfSense kernel: kbd1 at kbdmux0
Aug 13 15:55:04 pfSense kernel: cryptosoft0: <software crypto> on motherboard
Aug 13 15:55:04 pfSense kernel: padlock0: No ACE support.
Aug 13 15:55:04 pfSense kernel: acpi0: <VBOX VBOXXSDT> on motherboard
Aug 13 15:55:04 pfSense kernel: acpi0: [ITHREAD]
Aug 13 15:55:04 pfSense kernel: acpi0: Power Button (fixed)
Aug 13 15:55:04 pfSense kernel: acpi0: Sleep Button (fixed)
Aug 13 15:55:04 pfSense kernel: Timecounter "ACPI-safe" frequency 3579545 Hz quality 850
Aug 13 15:55:04 pfSense kernel: acpi_timer0: <32-bit timer at 3.579545MHz> port 0x4008-0x400b on acpi0
Aug 13 15:55:04 pfSense kernel: cpu0: <ACPI CPU> on acpi0
Aug 13 15:55:04 pfSense kernel: pcib0: <ACPI Host-PCI bridge> port 0xcf8-0xcff on acpi0
Aug 13 15:55:04 pfSense kernel: pci0: <ACPI PCI bus> on pcib0
Aug 13 15:55:04 pfSense kernel: isab0: <PCI-ISA bridge> at device 1.0 on pci0
Aug 13 15:55:04 pfSense kernel: isa0: <ISA bus> on isab0
Aug 13 15:55:04 pfSense kernel: atapci0: <Intel PIIX4 UDMA33 controller> port 0x1f0-0x1f7,0x3f6,0x170-0x177,0x376,0xd000-0xd00f at device 1.1 on pci0
Aug 13 15:55:04 pfSense kernel: ata0: <ATA channel> at channel 0 on atapci0
Aug 13 15:55:04 pfSense kernel: ata0: [ITHREAD]
Aug 13 15:55:04 pfSense kernel: ata1: <ATA channel> at channel 1 on atapci0
Aug 13 15:55:04 pfSense kernel: ata1: [ITHREAD]
Aug 13 15:55:04 pfSense kernel: vgapci0: <VGA-compatible display> mem 0xe0000000-0xe07fffff irq 18 at device 2.0 on pci0
Aug 13 15:55:04 pfSense kernel: em0: <Intel(R) PRO/1000 Legacy Network Connection 1.0.6> port 0xd010-0xd017 mem 0xf0000000-0xf001ffff irq 19 at device 3.0 on pci0
Aug 13 15:55:04 pfSense kernel: em0: [FILTER]
Aug 13 15:55:04 pfSense kernel: pci0: <base peripheral> at device 4.0 (no driver attached)
Aug 13 15:55:04 pfSense kernel: pci0: <multimedia, audio> at device 5.0 (no driver attached)
Aug 13 15:55:04 pfSense kernel: ohci0: <OHCI (generic) USB controller> mem 0xf0804000-0xf0804fff irq 22 at device 6.0 on pci0
Aug 13 15:55:04 pfSense kernel: ohci0: [ITHREAD]
Aug 13 15:55:04 pfSense kernel: usbus0: <OHCI (generic) USB controller> on ohci0
Aug 13 15:55:04 pfSense kernel: pci0: <bridge> at device 7.0 (no driver attached)
Aug 13 15:55:04 pfSense kernel: em1: <Intel(R) PRO/1000 Legacy Network Connection 1.0.6> port 0xd240-0xd247 mem 0xf0820000-0xf083ffff irq 16 at device 8.0 on pci0
Aug 13 15:55:04 pfSense kernel: em1: [FILTER]
Aug 13 15:55:04 pfSense kernel: ehci0: <Intel 82801FB (ICH6) USB 2.0 controller> mem 0xf0840000-0xf0840fff irq 19 at device 11.0 on pci0
Aug 13 15:55:04 pfSense kernel: ehci0: [ITHREAD]
Aug 13 15:55:04 pfSense kernel: usbus1: EHCI version 1.0
Aug 13 15:55:04 pfSense kernel: usbus1: <Intel 82801FB (ICH6) USB 2.0 controller> on ehci0
Aug 13 15:55:04 pfSense kernel: battery0: <ACPI Control Method Battery> on acpi0
Aug 13 15:55:04 pfSense kernel: acpi_acad0: <AC Adapter> on acpi0
Aug 13 15:55:04 pfSense kernel: atkbdc0: <Keyboard controller (i8042)> port 0x60,0x64 irq 1 on acpi0
Aug 13 15:55:04 pfSense kernel: atkbd0: <AT Keyboard> irq 1 on atkbdc0
Aug 13 15:55:04 pfSense kernel: kbd0 at atkbd0
Aug 13 15:55:04 pfSense kernel: atkbd0: [GIANT-LOCKED]
Aug 13 15:55:04 pfSense kernel: atkbd0: [ITHREAD]
Aug 13 15:55:04 pfSense kernel: psm0: <PS/2 Mouse> irq 12 on atkbdc0
Aug 13 15:55:04 pfSense kernel: psm0: [GIANT-LOCKED]
Aug 13 15:55:04 pfSense kernel: psm0: [ITHREAD]
Aug 13 15:55:04 pfSense kernel: psm0: model IntelliMouse Explorer, device ID 4
Aug 13 15:55:04 pfSense kernel: orm0: <ISA Option ROMs> at iomem 0xc0000-0xc7fff,0xe2000-0xe2fff on isa0
Aug 13 15:55:04 pfSense kernel: sc0: <System console> at flags 0x100 on isa0
Aug 13 15:55:04 pfSense kernel: sc0: VGA <16 virtual consoles, flags=0x300>
Aug 13 15:55:04 pfSense kernel: vga0: <Generic ISA VGA> at port 0x3c0-0x3df iomem 0xa0000-0xbffff on isa0
Aug 13 15:55:04 pfSense kernel: atrtc0: <AT Real Time Clock> at port 0x70 irq 8 on isa0
Aug 13 15:55:04 pfSense kernel: ppc0: cannot reserve I/O port range
Aug 13 15:55:04 pfSense kernel: Timecounter "TSC" frequency 2483901720 Hz quality 800
Aug 13 15:55:04 pfSense kernel: Timecounters tick every 10.000 msec
Aug 13 15:55:04 pfSense kernel: IPsec: Initialized Security Association Processing.
Aug 13 15:55:04 pfSense kernel: usbus0: 12Mbps Full Speed USB v1.0
Aug 13 15:55:04 pfSense kernel: usbus1: 480Mbps High Speed USB v2.0
Aug 13 15:55:04 pfSense kernel: ad0: 2048MB <VBOX HARDDISK 1.0> at ata0-master UDMA33 
Aug 13 15:55:04 pfSense kernel: ugen0.1: <Apple> at usbus0
Aug 13 15:55:04 pfSense kernel: uhub0: <Apple OHCI root HUB, class 9/0, rev 1.00/1.00, addr 1> on usbus0
Aug 13 15:55:04 pfSense kernel: ugen1.1: <Intel> at usbus1
Aug 13 15:55:04 pfSense kernel: uhub1: <Intel EHCI root HUB, class 9/0, rev 2.00/1.00, addr 1> on usbus1
Aug 13 15:55:04 pfSense kernel: acd0: DVDROM <VBOX CD-ROM/1.0> at ata1-master UDMA33 
Aug 13 15:55:04 pfSense kernel: Root mount waiting for: usbus1 usbus0
Aug 13 15:55:04 pfSense kernel: uhub0: 8 ports with 8 removable, self powered
Aug 13 15:55:04 pfSense kernel: Root mount waiting for: usbus1
Aug 13 15:55:04 pfSense kernel: Root mount waiting for: usbus1
Aug 13 15:55:04 pfSense kernel: Root mount waiting for: usbus1
Aug 13 15:55:04 pfSense kernel: uhub1: 8 ports with 8 removable, self powered
Aug 13 15:55:04 pfSense kernel: Trying to mount root from cd9660:/dev/iso9660/PFSENSE
Aug 13 15:55:07 pfSense php: rc.bootup: Accept router advertisements on interface em0 
Aug 13 15:55:07 pfSense check_reload_status: rc.newwanip starting em0
Aug 13 15:55:07 pfSense php: rc.bootup: Resyncing OpenVPN instances.
Aug 13 15:55:07 pfSense kernel: pflog0: promiscuous mode enabled
Aug 13 15:55:09 pfSense php: rc.newwanip: rc.newwanip: Informational is starting em0.
Aug 13 15:55:09 pfSense php: rc.newwanip: rc.newwanip: on (IP address: 10.10.1.145) (interface: WAN[wan]) (real interface: em0).
Aug 13 15:55:09 pfSense php: rc.bootup: Creating SSL Certificate for this host
Aug 13 15:55:09 pfSense php: rc.newwanip: ROUTING: setting default route to 10.10.1.1
Aug 13 15:55:10 pfSense php: rc.bootup: ROUTING: setting default route to 10.10.1.1
Aug 13 15:55:11 pfSense check_reload_status: Updating all dyndns
Aug 13 15:55:14 pfSense php: rc.newwanip: Resyncing OpenVPN instances for interface WAN.
Aug 13 15:55:14 pfSense php: rc.newwanip: Creating rrd update script
Aug 13 15:55:15 pfSense php: rc.bootup: Creating rrd update script
Aug 13 15:55:15 pfSense syslogd: exiting on signal 15
Aug 13 15:55:15 pfSense syslogd: kernel boot file is /boot/kernel/kernel
Aug 13 15:55:15 pfSense php: rc.start_packages: Restarting/Starting all packages.
Aug 13 15:55:16 pfSense login: login on ttyv0 as root
Aug 13 15:55:16 pfSense sshlockout[76192]: sshlockout/webConfigurator v3.0 starting up
Aug 13 15:55:16 pfSense php: rc.newwanip: pfSense package system has detected an ip change 0.0.0.0 ->  10.10.1.145 ... Restarting packages.
Aug 13 15:55:16 pfSense check_reload_status: Starting packages
Aug 13 15:55:16 pfSense check_reload_status: Reloading filter
Aug 13 15:55:18 pfSense php: rc.start_packages: Restarting/Starting all packages.
Aug 13 15:57:27 pfSense syslogd: kernel boot file is /boot/kernel/kernel
Aug 13 15:57:27 pfSense kernel: Copyright (c) 1992-2012 The FreeBSD Project.
Aug 13 15:57:27 pfSense kernel: Copyright (c) 1979, 1980, 1983, 1986, 1988, 1989, 1991, 1992, 1993, 1994
Aug 13 15:57:27 pfSense kernel: The Regents of the University of California. All rights reserved.
Aug 13 15:57:27 pfSense kernel: FreeBSD is a registered trademark of The FreeBSD Foundation.
Aug 13 15:57:27 pfSense kernel: FreeBSD 8.3-RELEASE-p16 #0: Thu May  1 16:19:14 EDT 2014
Aug 13 15:57:27 pfSense kernel: root@pf2_1_1_amd64.pfsense.org:/usr/obj.amd64/usr/pfSensesrc/src/sys/pfSense_SMP.8 amd64
Aug 13 15:57:27 pfSense kernel: Timecounter "i8254" frequency 1193182 Hz quality 0
Aug 13 15:57:27 pfSense kernel: CPU: Intel(R) Core(TM) i5-4300U CPU @ 1.90GHz (2489.30-MHz K8-class CPU)
Aug 13 15:57:27 pfSense kernel: Origin = "GenuineIntel"  Id = 0x40651  Family = 6  Model = 45  Stepping = 1
Aug 13 15:57:27 pfSense kernel: Features=0x783fbff<FPU,VME,DE,PSE,TSC,MSR,PAE,MCE,CX8,APIC,SEP,MTRR,PGE,MCA,CMOV,PAT,PSE36,MMX,FXSR,SSE,SSE2>
Aug 13 15:57:27 pfSense kernel: Features2=0x209<SSE3,MON,SSSE3>
Aug 13 15:57:27 pfSense kernel: AMD Features=0x28100800<SYSCALL,NX,RDTSCP,LM>
Aug 13 15:57:27 pfSense kernel: AMD Features2=0x1<LAHF>
Aug 13 15:57:27 pfSense kernel: TSC: P-state invariant
Aug 13 15:57:27 pfSense kernel: real memory  = 536805376 (511 MB)
Aug 13 15:57:27 pfSense kernel: avail memory = 491565056 (468 MB)
Aug 13 15:57:27 pfSense kernel: ACPI APIC Table: <VBOX   VBOXAPIC>
Aug 13 15:57:27 pfSense kernel: ioapic0 <Version 1.1> irqs 0-23 on motherboard
Aug 13 15:57:27 pfSense kernel: wlan: mac acl policy registered
Aug 13 15:57:27 pfSense kernel: ipw_bss: You need to read the LICENSE file in /usr/share/doc/legal/intel_ipw/.
Aug 13 15:57:27 pfSense kernel: ipw_bss: If you agree with the license, set legal.intel_ipw.license_ack=1 in /boot/loader.conf.
Aug 13 15:57:27 pfSense kernel: module_register_init: MOD_LOAD (ipw_bss_fw, 0xffffffff804abaf0, 0) error 1
Aug 13 15:57:27 pfSense kernel: ipw_ibss: You need to read the LICENSE file in /usr/share/doc/legal/intel_ipw/.
Aug 13 15:57:27 pfSense kernel: ipw_ibss: If you agree with the license, set legal.intel_ipw.license_ack=1 in /boot/loader.conf.
Aug 13 15:57:27 pfSense kernel: module_register_init: MOD_LOAD (ipw_ibss_fw, 0xffffffff804abb90, 0) error 1
Aug 13 15:57:27 pfSense kernel: ipw_monitor: You need to read the LICENSE file in /usr/share/doc/legal/intel_ipw/.
Aug 13 15:57:27 pfSense kernel: ipw_monitor: If you agree with the license, set legal.intel_ipw.license_ack=1 in /boot/loader.conf.
Aug 13 15:57:27 pfSense kernel: module_register_init: MOD_LOAD (ipw_monitor_fw, 0xffffffff804abc30, 0) error 1
Aug 13 15:57:27 pfSense kernel: kbd1 at kbdmux0
Aug 13 15:57:27 pfSense kernel: cryptosoft0: <software crypto> on motherboard
Aug 13 15:57:27 pfSense kernel: padlock0: No ACE support.
Aug 13 15:57:27 pfSense kernel: acpi0: <VBOX VBOXXSDT> on motherboard
Aug 13 15:57:27 pfSense kernel: acpi0: [ITHREAD]
Aug 13 15:57:27 pfSense kernel: acpi0: Power Button (fixed)
Aug 13 15:57:27 pfSense kernel: acpi0: Sleep Button (fixed)
Aug 13 15:57:27 pfSense kernel: Timecounter "ACPI-safe" frequency 3579545 Hz quality 850
Aug 13 15:57:27 pfSense kernel: acpi_timer0: <32-bit timer at 3.579545MHz> port 0x4008-0x400b on acpi0
Aug 13 15:57:27 pfSense kernel: cpu0: <ACPI CPU> on acpi0
Aug 13 15:57:27 pfSense kernel: pcib0: <ACPI Host-PCI bridge> port 0xcf8-0xcff on acpi0
Aug 13 15:57:27 pfSense kernel: pci0: <ACPI PCI bus> on pcib0
Aug 13 15:57:27 pfSense kernel: isab0: <PCI-ISA bridge> at device 1.0 on pci0
Aug 13 15:57:27 pfSense kernel: isa0: <ISA bus> on isab0
Aug 13 15:57:27 pfSense kernel: atapci0: <Intel PIIX4 UDMA33 controller> port 0x1f0-0x1f7,0x3f6,0x170-0x177,0x376,0xd000-0xd00f at device 1.1 on pci0
Aug 13 15:57:27 pfSense kernel: ata0: <ATA channel> at channel 0 on atapci0
Aug 13 15:57:27 pfSense kernel: ata0: [ITHREAD]
Aug 13 15:57:27 pfSense kernel: ata1: <ATA channel> at channel 1 on atapci0
Aug 13 15:57:27 pfSense kernel: ata1: [ITHREAD]
Aug 13 15:57:27 pfSense kernel: vgapci0: <VGA-compatible display> mem 0xe0000000-0xe07fffff irq 18 at device 2.0 on pci0
Aug 13 15:57:27 pfSense kernel: em0: <Intel(R) PRO/1000 Legacy Network Connection 1.0.6> port 0xd010-0xd017 mem 0xf0000000-0xf001ffff irq 19 at device 3.0 on pci0
Aug 13 15:57:27 pfSense kernel: em0: [FILTER]
Aug 13 15:57:27 pfSense kernel: pci0: <base peripheral> at device 4.0 (no driver attached)
Aug 13 15:57:27 pfSense kernel: pci0: <multimedia, audio> at device 5.0 (no driver attached)
Aug 13 15:57:27 pfSense kernel: ohci0: <OHCI (generic) USB controller> mem 0xf0804000-0xf0804fff irq 22 at device 6.0 on pci0
Aug 13 15:57:27 pfSense kernel: ohci0: [ITHREAD]
Aug 13 15:57:27 pfSense kernel: usbus0: <OHCI (generic) USB controller> on ohci0
Aug 13 15:57:27 pfSense kernel: pci0: <bridge> at device 7.0 (no driver attached)
Aug 13 15:57:27 pfSense kernel: em1: <Intel(R) PRO/1000 Legacy Network Connection 1.0.6> port 0xd240-0xd247 mem 0xf0820000-0xf083ffff irq 16 at device 8.0 on pci0
Aug 13 15:57:27 pfSense kernel: em1: [FILTER]
Aug 13 15:57:27 pfSense kernel: ehci0: <Intel 82801FB (ICH6) USB 2.0 controller> mem 0xf0840000-0xf0840fff irq 19 at device 11.0 on pci0
Aug 13 15:57:27 pfSense kernel: ehci0: [ITHREAD]
Aug 13 15:57:27 pfSense kernel: usbus1: EHCI version 1.0
Aug 13 15:57:27 pfSense kernel: usbus1: <Intel 82801FB (ICH6) USB 2.0 controller> on ehci0
Aug 13 15:57:27 pfSense kernel: battery0: <ACPI Control Method Battery> on acpi0
Aug 13 15:57:27 pfSense kernel: acpi_acad0: <AC Adapter> on acpi0
Aug 13 15:57:27 pfSense kernel: atkbdc0: <Keyboard controller (i8042)> port 0x60,0x64 irq 1 on acpi0
Aug 13 15:57:27 pfSense kernel: atkbd0: <AT Keyboard> irq 1 on atkbdc0
Aug 13 15:57:27 pfSense kernel: kbd0 at atkbd0
Aug 13 15:57:27 pfSense kernel: atkbd0: [GIANT-LOCKED]
Aug 13 15:57:27 pfSense kernel: atkbd0: [ITHREAD]
Aug 13 15:57:27 pfSense kernel: psm0: <PS/2 Mouse> irq 12 on atkbdc0
Aug 13 15:57:27 pfSense kernel: psm0: [GIANT-LOCKED]
Aug 13 15:57:27 pfSense kernel: psm0: [ITHREAD]
Aug 13 15:57:27 pfSense kernel: psm0: model IntelliMouse Explorer, device ID 4
Aug 13 15:57:27 pfSense kernel: orm0: <ISA Option ROMs> at iomem 0xc0000-0xc7fff,0xe2000-0xe2fff on isa0
Aug 13 15:57:27 pfSense kernel: sc0: <System console> at flags 0x100 on isa0
Aug 13 15:57:27 pfSense kernel: sc0: VGA <16 virtual consoles, flags=0x300>
Aug 13 15:57:27 pfSense kernel: vga0: <Generic ISA VGA> at port 0x3c0-0x3df iomem 0xa0000-0xbffff on isa0
Aug 13 15:57:27 pfSense kernel: atrtc0: <AT Real Time Clock> at port 0x70 irq 8 on isa0
Aug 13 15:57:27 pfSense kernel: ppc0: cannot reserve I/O port range
Aug 13 15:57:27 pfSense kernel: Timecounter "TSC" frequency 2489296672 Hz quality 800
Aug 13 15:57:27 pfSense kernel: Timecounters tick every 10.000 msec
Aug 13 15:57:27 pfSense kernel: IPsec: Initialized Security Association Processing.
Aug 13 15:57:27 pfSense kernel: usbus0: 12Mbps Full Speed USB v1.0
Aug 13 15:57:27 pfSense kernel: usbus1: 480Mbps High Speed USB v2.0
Aug 13 15:57:27 pfSense kernel: ugen0.1: <Apple> at usbus0
Aug 13 15:57:27 pfSense kernel: uhub0: <Apple OHCI root HUB, class 9/0, rev 1.00/1.00, addr 1> on usbus0
Aug 13 15:57:27 pfSense kernel: ugen1.1: <Intel> at usbus1
Aug 13 15:57:27 pfSense kernel: uhub1: <Intel EHCI root HUB, class 9/0, rev 2.00/1.00, addr 1> on usbus1
Aug 13 15:57:27 pfSense kernel: ad0: 2048MB <VBOX HARDDISK 1.0> at ata0-master UDMA33 
Aug 13 15:57:27 pfSense kernel: acd0: DVDROM <VBOX CD-ROM/1.0> at ata1-master UDMA33 
Aug 13 15:57:27 pfSense kernel: Root mount waiting for: usbus1 usbus0
Aug 13 15:57:27 pfSense kernel: uhub0: 8 ports with 8 removable, self powered
Aug 13 15:57:27 pfSense kernel: Root mount waiting for: usbus1
Aug 13 15:57:27 pfSense kernel: Root mount waiting for: usbus1
Aug 13 15:57:27 pfSense kernel: Root mount waiting for: usbus1
Aug 13 15:57:27 pfSense kernel: uhub1: 8 ports with 8 removable, self powered
Aug 13 15:57:27 pfSense kernel: Trying to mount root from ufs:/dev/ad0s1a
Aug 13 15:57:27 pfSense kernel: ZFS NOTICE: Prefetch is disabled by default if less than 4GB of RAM is present;
Aug 13 15:57:27 pfSense kernel: to enable, add "vfs.zfs.prefetch_disable=0" to /boot/loader.conf.
Aug 13 15:57:27 pfSense kernel: ZFS WARNING: Recommended minimum kmem_size is 512MB; expect unstable behavior.
Aug 13 15:57:27 pfSense kernel: Consider tuning vm.kmem_size and vm.kmem_size_max
Aug 13 15:57:27 pfSense kernel: in /boot/loader.conf.
Aug 13 15:57:27 pfSense kernel: ZFS filesystem version 5
Aug 13 15:57:27 pfSense kernel: ZFS storage pool version 28
Aug 13 15:57:29 pfSense php: rc.bootup: Accept router advertisements on interface em0 
Aug 13 15:57:29 pfSense check_reload_status: rc.newwanip starting em0
Aug 13 15:57:29 pfSense php: rc.bootup: Resyncing OpenVPN instances.
Aug 13 15:57:29 pfSense kernel: pflog0: promiscuous mode enabled
Aug 13 15:57:31 pfSense php: rc.newwanip: rc.newwanip: Informational is starting em0.
Aug 13 15:57:31 pfSense php: rc.newwanip: rc.newwanip: on (IP address: 10.10.1.145) (interface: WAN[wan]) (real interface: em0).
Aug 13 15:57:31 pfSense php: rc.newwanip: ROUTING: setting default route to 10.10.1.1
Aug 13 15:57:32 pfSense php: rc.bootup: ROUTING: setting default route to 10.10.1.1
Aug 13 15:57:32 pfSense check_reload_status: Updating all dyndns
Aug 13 10:27:39 pfSense php: rc.newwanip: Resyncing OpenVPN instances for interface WAN.
Aug 13 10:27:39 pfSense php: rc.newwanip: Creating rrd update script
Aug 13 10:27:39 pfSense php: rc.bootup: The command '/usr/bin/nice -n20 /usr/local/bin/rrdtool update /var/db/rrd/wan-traffic.rrd N:U:U:U:U:U:U:U:U' returned exit code '1', the output was 'ERROR: /var/db/rrd/wan-traffic.rrd: illegal attempt to update using time 1407925659 when last update time is 1407945315 (minimum one second step)' 
Aug 13 10:27:39 pfSense php: rc.bootup: The command '/usr/bin/nice -n20 /usr/local/bin/rrdtool update /var/db/rrd/wan-packets.rrd N:U:U:U:U:U:U:U:U' returned exit code '1', the output was 'ERROR: /var/db/rrd/wan-packets.rrd: illegal attempt to update using time 1407925659 when last update time is 1407945315 (minimum one second step)' 
Aug 13 10:27:39 pfSense php: rc.bootup: The command '/usr/bin/nice -n20 /usr/local/bin/rrdtool update /var/db/rrd/lan-traffic.rrd N:U:U:U:U:U:U:U:U' returned exit code '1', the output was 'ERROR: /var/db/rrd/lan-traffic.rrd: illegal attempt to update using time 1407925659 when last update time is 1407945315 (minimum one second step)' 
Aug 13 10:27:39 pfSense php: rc.bootup: The command '/usr/bin/nice -n20 /usr/local/bin/rrdtool update /var/db/rrd/lan-packets.rrd N:U:U:U:U:U:U:U:U' returned exit code '1', the output was 'ERROR: /var/db/rrd/lan-packets.rrd: illegal attempt to update using time 1407925659 when last update time is 1407945315 (minimum one second step)' 
Aug 13 10:27:39 pfSense php: rc.bootup: The command '/usr/bin/nice -n20 /usr/local/bin/rrdtool update /var/db/rrd/ipsec-traffic.rrd N:U:U:U:U:U:U:U:U' returned exit code '1', the output was 'ERROR: /var/db/rrd/ipsec-traffic.rrd: illegal attempt to update using time 1407925659 when last update time is 1407945315 (minimum one second step)' 
Aug 13 10:27:39 pfSense php: rc.bootup: The command '/usr/bin/nice -n20 /usr/local/bin/rrdtool update /var/db/rrd/ipsec-packets.rrd N:U:U:U:U:U:U:U:U' returned exit code '1', the output was 'ERROR: /var/db/rrd/ipsec-packets.rrd: illegal attempt to update using time 1407925659 when last update time is 1407945315 (minimum one second step)' 
Aug 13 10:27:39 pfSense php: rc.bootup: The command '/usr/bin/nice -n20 /usr/local/bin/rrdtool update /var/db/rrd/system-states.rrd N:U:U:U:U:U' returned exit code '1', the output was 'ERROR: /var/db/rrd/system-states.rrd: illegal attempt to update using time 1407925659 when last update time is 1407945315 (minimum one second step)' 
Aug 13 10:27:39 pfSense php: rc.bootup: The command '/usr/bin/nice -n20 /usr/local/bin/rrdtool update /var/db/rrd/system-processor.rrd N:U:U:U:U:U' returned exit code '1', the output was 'ERROR: /var/db/rrd/system-processor.rrd: illegal attempt to update using time 1407925659 when last update time is 1407945316 (minimum one second step)' 
Aug 13 10:27:39 pfSense php: rc.bootup: The command '/usr/bin/nice -n20 /usr/local/bin/rrdtool update /var/db/rrd/system-memory.rrd N:U:U:U:U:U' returned exit code '1', the output was 'ERROR: /var/db/rrd/system-memory.rrd: illegal attempt to update using time 1407925659 when last update time is 1407945316 (minimum one second step)' 
Aug 13 10:27:39 pfSense php: rc.bootup: The command '/usr/bin/nice -n20 /usr/local/bin/rrdtool update /var/db/rrd/system-mbuf.rrd N:U:U:U:U' returned exit code '1', the output was 'ERROR: /var/db/rrd/system-mbuf.rrd: illegal attempt to update using time 1407925659 when last update time is 1407945316 (minimum one second step)' 
Aug 13 10:27:39 pfSense php: rc.bootup: Creating rrd update script
Aug 13 10:27:39 pfSense syslogd: exiting on signal 15
Aug 13 10:27:39 pfSense syslogd: kernel boot file is /boot/kernel/kernel
Aug 13 10:27:39 pfSense php: rc.start_packages: Restarting/Starting all packages.
Aug 13 10:27:41 pfSense login: login on ttyv0 as root
Aug 13 10:27:41 pfSense sshlockout[80819]: sshlockout/webConfigurator v3.0 starting up
Aug 13 10:27:41 pfSense php: rc.newwanip: pfSense package system has detected an ip change 0.0.0.0 ->  10.10.1.145 ... Restarting packages.
Aug 13 10:27:41 pfSense check_reload_status: Starting packages
Aug 13 10:27:41 pfSense check_reload_status: Reloading filter
Aug 13 10:27:43 pfSense php: rc.start_packages: Restarting/Starting all packages.
Aug 13 10:27:53 pfSense sshd[97548]: Server listening on :: port 22.
Aug 13 10:27:53 pfSense sshd[97548]: Server listening on 0.0.0.0 port 22.
Aug 13 10:30:17 pfSense sshd[97548]: Received signal 15; terminating.
Aug 13 10:30:17 pfSense sshd[28577]: Server listening on :: port 22.
Aug 13 10:30:17 pfSense sshd[28577]: Server listening on 0.0.0.0 port 22.
Aug 13 10:30:34 pfSense sshd[28768]: Accepted keyboard-interactive/pam for admin from 192.168.1.100 port 39427 ssh2
Aug 13 10:30:41 pfSense admin: hkjewhjwk
Aug 13 10:36:56 pfSense sshd[32804]: Accepted keyboard-interactive/pam for admin from 192.168.1.100 port 39449 ssh2
Aug 13 10:40:01 pfSense syslogd: exiting on signal 15
Aug 13 10:40:01 pfSense syslogd: kernel boot file is /boot/kernel/kernel
Aug 13 10:40:26 pfSense admin: hjkadh
Aug 13 10:42:09 pfSense syslogd: exiting on signal 15
Aug 13 10:42:09 pfSense syslogd: kernel boot file is /boot/kernel/kernel
Aug 13 10:50:11 pfSense syslogd: exiting on signal 15
Aug 13 10:50:11 pfSense syslogd: kernel boot file is /boot/kernel/kernel
Aug 13 10:52:15 pfSense syslogd: exiting on signal 15
Aug 13 10:52:15 pfSense syslogd: kernel boot file is /boot/kernel/kernel
Aug 13 10:58:06 pfSense syslogd: exiting on signal 15
Aug 13 10:58:06 pfSense syslogd: kernel boot file is /boot/kernel/kernel
Aug 13 10:58:11 pfSense admin: hjkadhkjadahkdjahlkj
Aug 13 11:05:43 pfSense syslogd: exiting on signal 15
Aug 13 11:05:43 pfSense syslogd: kernel boot file is /boot/kernel/kernel
Aug 13 11:05:45 pfSense admin: hjkadhkjadahkdjahlkj
Aug 13 11:09:26 pfSense syslogd: exiting on signal 15
Aug 13 11:09:26 pfSense syslogd: kernel boot file is /boot/kernel/kernel
Aug 13 11:31:52 pfSense check_reload_status: Syncing firewall
Aug 13 11:31:53 pfSense check_reload_status: Syncing firewall
Aug 13 11:31:55 pfSense kernel: arp: 10.10.1.133 moved from 00:1e:33:2a:02:87 to 08:00:27:82:6d:ef on em0
Aug 13 11:32:00 pfSense kernel: arp: 10.10.1.133 moved from 08:00:27:82:6d:ef to 00:1e:33:2a:02:87 on em0
Aug 13 11:32:00 pfSense kernel: arp: 10.10.1.133 moved from 00:1e:33:2a:02:87 to 08:00:27:82:6d:ef on em0
Aug 13 11:32:25 pfSense check_reload_status: Syncing firewall
Aug 13 11:51:52 pfSense syslogd: exiting on signal 15
Aug 13 11:51:52 pfSense syslogd: kernel boot file is /boot/kernel/kernel
Aug 13 11:59:18 pfSense syslogd: exiting on signal 15
Aug 13 11:59:18 pfSense syslogd: kernel boot file is /boot/kernel/kernel
Aug 13 12:00:51 pfSense kernel: arp: 10.10.1.133 moved from 08:00:27:82:6d:ef to 00:1e:33:2a:02:87 on em0
Aug 13 12:13:39 pfSense kernel: arp: 10.10.1.133 moved from 00:1e:33:2a:02:87 to 08:00:27:82:6d:ef on em0
Aug 13 13:00:42 pfSense syslogd: exiting on signal 15
Aug 13 13:00:42 pfSense syslogd: kernel boot file is /boot/kernel/kernel
Aug 13 13:09:15 pfSense syslogd: exiting on signal 15
Aug 13 13:09:15 pfSense syslogd: kernel boot file is /boot/kernel/kernel
Aug 13 13:15:19 pfSense syslogd: exiting on signal 15
Aug 13 13:15:19 pfSense syslogd: kernel boot file is /boot/kernel/kernel
Aug 13 13:20:01 pfSense syslogd: exiting on signal 15
Aug 13 13:20:01 pfSense syslogd: kernel boot file is /boot/kernel/kernel
Aug 13 13:20:16 pfSense shutdown: reboot by admin: 
Aug 13 13:20:16 pfSense shutdown: reboot by admin: 
Aug 13 13:20:16 pfSense sshlockout[78459]: sshlockout/webConfigurator v3.0 starting up
Aug 13 13:20:18 pfSense syslogd: exiting on signal 15
Aug 13 13:20:53 pfSense syslogd: kernel boot file is /boot/kernel/kernel
Aug 13 13:20:53 pfSense kernel: Copyright (c) 1992-2012 The FreeBSD Project.
Aug 13 13:20:53 pfSense kernel: Copyright (c) 1979, 1980, 1983, 1986, 1988, 1989, 1991, 1992, 1993, 1994
Aug 13 13:20:53 pfSense kernel: The Regents of the University of California. All rights reserved.
Aug 13 13:20:53 pfSense kernel: FreeBSD is a registered trademark of The FreeBSD Foundation.
Aug 13 13:20:53 pfSense kernel: FreeBSD 8.3-RELEASE-p16 #0: Thu May  1 16:19:14 EDT 2014
Aug 13 13:20:53 pfSense kernel: root@pf2_1_1_amd64.pfsense.org:/usr/obj.amd64/usr/pfSensesrc/src/sys/pfSense_SMP.8 amd64
Aug 13 13:20:53 pfSense kernel: Timecounter "i8254" frequency 1193182 Hz quality 0
Aug 13 13:20:53 pfSense kernel: CPU: Intel(R) Core(TM) i5-4300U CPU @ 1.90GHz (2489.15-MHz K8-class CPU)
Aug 13 13:20:53 pfSense kernel: Origin = "GenuineIntel"  Id = 0x40651  Family = 6  Model = 45  Stepping = 1
Aug 13 13:20:53 pfSense kernel: Features=0x783fbff<FPU,VME,DE,PSE,TSC,MSR,PAE,MCE,CX8,APIC,SEP,MTRR,PGE,MCA,CMOV,PAT,PSE36,MMX,FXSR,SSE,SSE2>
Aug 13 13:20:53 pfSense kernel: Features2=0x209<SSE3,MON,SSSE3>
Aug 13 13:20:53 pfSense kernel: AMD Features=0x28100800<SYSCALL,NX,RDTSCP,LM>
Aug 13 13:20:53 pfSense kernel: AMD Features2=0x1<LAHF>
Aug 13 13:20:53 pfSense kernel: TSC: P-state invariant
Aug 13 13:20:53 pfSense kernel: real memory  = 536805376 (511 MB)
Aug 13 13:20:53 pfSense kernel: avail memory = 491565056 (468 MB)
Aug 13 13:20:53 pfSense kernel: ACPI APIC Table: <VBOX   VBOXAPIC>
Aug 13 13:20:53 pfSense kernel: ioapic0 <Version 1.1> irqs 0-23 on motherboard
Aug 13 13:20:53 pfSense kernel: wlan: mac acl policy registered
Aug 13 13:20:53 pfSense kernel: ipw_bss: You need to read the LICENSE file in /usr/share/doc/legal/intel_ipw/.
Aug 13 13:20:53 pfSense kernel: ipw_bss: If you agree with the license, set legal.intel_ipw.license_ack=1 in /boot/loader.conf.
Aug 13 13:20:53 pfSense kernel: module_register_init: MOD_LOAD (ipw_bss_fw, 0xffffffff804abaf0, 0) error 1
Aug 13 13:20:53 pfSense kernel: ipw_ibss: You need to read the LICENSE file in /usr/share/doc/legal/intel_ipw/.
Aug 13 13:20:53 pfSense kernel: ipw_ibss: If you agree with the license, set legal.intel_ipw.license_ack=1 in /boot/loader.conf.
Aug 13 13:20:53 pfSense kernel: module_register_init: MOD_LOAD (ipw_ibss_fw, 0xffffffff804abb90, 0) error 1
Aug 13 13:20:53 pfSense kernel: ipw_monitor: You need to read the LICENSE file in /usr/share/doc/legal/intel_ipw/.
Aug 13 13:20:53 pfSense kernel: ipw_monitor: If you agree with the license, set legal.intel_ipw.license_ack=1 in /boot/loader.conf.
Aug 13 13:20:53 pfSense kernel: module_register_init: MOD_LOAD (ipw_monitor_fw, 0xffffffff804abc30, 0) error 1
Aug 13 13:20:53 pfSense kernel: kbd1 at kbdmux0
Aug 13 13:20:53 pfSense kernel: cryptosoft0: <software crypto> on motherboard
Aug 13 13:20:53 pfSense kernel: padlock0: No ACE support.
Aug 13 13:20:53 pfSense kernel: acpi0: <VBOX VBOXXSDT> on motherboard
Aug 13 13:20:53 pfSense kernel: acpi0: [ITHREAD]
Aug 13 13:20:53 pfSense kernel: acpi0: Power Button (fixed)
Aug 13 13:20:53 pfSense kernel: acpi0: Sleep Button (fixed)
Aug 13 13:20:53 pfSense kernel: Timecounter "ACPI-safe" frequency 3579545 Hz quality 850
Aug 13 13:20:53 pfSense kernel: acpi_timer0: <32-bit timer at 3.579545MHz> port 0x4008-0x400b on acpi0
Aug 13 13:20:53 pfSense kernel: cpu0: <ACPI CPU> on acpi0
Aug 13 13:20:53 pfSense kernel: pcib0: <ACPI Host-PCI bridge> port 0xcf8-0xcff on acpi0
Aug 13 13:20:53 pfSense kernel: pci0: <ACPI PCI bus> on pcib0
Aug 13 13:20:53 pfSense kernel: isab0: <PCI-ISA bridge> at device 1.0 on pci0
Aug 13 13:20:53 pfSense kernel: isa0: <ISA bus> on isab0
Aug 13 13:20:53 pfSense kernel: atapci0: <Intel PIIX4 UDMA33 controller> port 0x1f0-0x1f7,0x3f6,0x170-0x177,0x376,0xd000-0xd00f at device 1.1 on pci0
Aug 13 13:20:53 pfSense kernel: ata0: <ATA channel> at channel 0 on atapci0
Aug 13 13:20:53 pfSense kernel: ata0: [ITHREAD]
Aug 13 13:20:53 pfSense kernel: ata1: <ATA channel> at channel 1 on atapci0
Aug 13 13:20:53 pfSense kernel: ata1: [ITHREAD]
Aug 13 13:20:53 pfSense kernel: vgapci0: <VGA-compatible display> mem 0xe0000000-0xe07fffff irq 18 at device 2.0 on pci0
Aug 13 13:20:53 pfSense kernel: em0: <Intel(R) PRO/1000 Legacy Network Connection 1.0.6> port 0xd010-0xd017 mem 0xf0000000-0xf001ffff irq 19 at device 3.0 on pci0
Aug 13 13:20:53 pfSense kernel: em0: [FILTER]
Aug 13 13:20:53 pfSense kernel: pci0: <base peripheral> at device 4.0 (no driver attached)
Aug 13 13:20:53 pfSense kernel: pci0: <multimedia, audio> at device 5.0 (no driver attached)
Aug 13 13:20:53 pfSense kernel: ohci0: <OHCI (generic) USB controller> mem 0xf0804000-0xf0804fff irq 22 at device 6.0 on pci0
Aug 13 13:20:53 pfSense kernel: ohci0: [ITHREAD]
Aug 13 13:20:53 pfSense kernel: usbus0: <OHCI (generic) USB controller> on ohci0
Aug 13 13:20:53 pfSense kernel: pci0: <bridge> at device 7.0 (no driver attached)
Aug 13 13:20:53 pfSense kernel: em1: <Intel(R) PRO/1000 Legacy Network Connection 1.0.6> port 0xd240-0xd247 mem 0xf0820000-0xf083ffff irq 16 at device 8.0 on pci0
Aug 13 13:20:53 pfSense kernel: em1: [FILTER]
Aug 13 13:20:53 pfSense kernel: ehci0: <Intel 82801FB (ICH6) USB 2.0 controller> mem 0xf0840000-0xf0840fff irq 19 at device 11.0 on pci0
Aug 13 13:20:53 pfSense kernel: ehci0: [ITHREAD]
Aug 13 13:20:53 pfSense kernel: usbus1: EHCI version 1.0
Aug 13 13:20:53 pfSense kernel: usbus1: <Intel 82801FB (ICH6) USB 2.0 controller> on ehci0
Aug 13 13:20:53 pfSense kernel: battery0: <ACPI Control Method Battery> on acpi0
Aug 13 13:20:53 pfSense kernel: acpi_acad0: <AC Adapter> on acpi0
Aug 13 13:20:53 pfSense kernel: atkbdc0: <Keyboard controller (i8042)> port 0x60,0x64 irq 1 on acpi0
Aug 13 13:20:53 pfSense kernel: atkbd0: <AT Keyboard> irq 1 on atkbdc0
Aug 13 13:20:53 pfSense kernel: kbd0 at atkbd0
Aug 13 13:20:53 pfSense kernel: atkbd0: [GIANT-LOCKED]
Aug 13 13:20:53 pfSense kernel: atkbd0: [ITHREAD]
Aug 13 13:20:53 pfSense kernel: psm0: <PS/2 Mouse> irq 12 on atkbdc0
Aug 13 13:20:53 pfSense kernel: psm0: [GIANT-LOCKED]
Aug 13 13:20:53 pfSense kernel: psm0: [ITHREAD]
Aug 13 13:20:53 pfSense kernel: psm0: model IntelliMouse Explorer, device ID 4
Aug 13 13:20:53 pfSense kernel: orm0: <ISA Option ROMs> at iomem 0xc0000-0xc7fff,0xe2000-0xe2fff on isa0
Aug 13 13:20:53 pfSense kernel: sc0: <System console> at flags 0x100 on isa0
Aug 13 13:20:53 pfSense kernel: sc0: VGA <16 virtual consoles, flags=0x300>
Aug 13 13:20:53 pfSense kernel: vga0: <Generic ISA VGA> at port 0x3c0-0x3df iomem 0xa0000-0xbffff on isa0
Aug 13 13:20:53 pfSense kernel: atrtc0: <AT Real Time Clock> at port 0x70 irq 8 on isa0
Aug 13 13:20:53 pfSense kernel: ppc0: cannot reserve I/O port range
Aug 13 13:20:53 pfSense kernel: Timecounter "TSC" frequency 2489149304 Hz quality 800
Aug 13 13:20:53 pfSense kernel: Timecounters tick every 10.000 msec
Aug 13 13:20:53 pfSense kernel: IPsec: Initialized Security Association Processing.
Aug 13 13:20:53 pfSense kernel: usbus0: 12Mbps Full Speed USB v1.0
Aug 13 13:20:53 pfSense kernel: usbus1: 480Mbps High Speed USB v2.0
Aug 13 13:20:53 pfSense kernel: ugen0.1: <Apple> at usbus0
Aug 13 13:20:53 pfSense kernel: uhub0: <Apple OHCI root HUB, class 9/0, rev 1.00/1.00, addr 1> on usbus0
Aug 13 13:20:53 pfSense kernel: ugen1.1: <Intel> at usbus1
Aug 13 13:20:53 pfSense kernel: uhub1: <Intel EHCI root HUB, class 9/0, rev 2.00/1.00, addr 1> on usbus1
Aug 13 13:20:53 pfSense kernel: ad0: 2048MB <VBOX HARDDISK 1.0> at ata0-master UDMA33 
Aug 13 13:20:53 pfSense kernel: acd0: DVDROM <VBOX CD-ROM/1.0> at ata1-master UDMA33 
Aug 13 13:20:53 pfSense kernel: Root mount waiting for: usbus1 usbus0
Aug 13 13:20:53 pfSense kernel: uhub0: 8 ports with 8 removable, self powered
Aug 13 13:20:53 pfSense kernel: Root mount waiting for: usbus1
Aug 13 13:20:53 pfSense kernel: Root mount waiting for: usbus1
Aug 13 13:20:53 pfSense kernel: Root mount waiting for: usbus1
Aug 13 13:20:53 pfSense kernel: uhub1: 8 ports with 8 removable, self powered
Aug 13 13:20:53 pfSense kernel: Trying to mount root from ufs:/dev/ad0s1a
Aug 13 13:20:53 pfSense kernel: ZFS NOTICE: Prefetch is disabled by default if less than 4GB of RAM is present;
Aug 13 13:20:53 pfSense kernel: to enable, add "vfs.zfs.prefetch_disable=0" to /boot/loader.conf.
Aug 13 13:20:53 pfSense kernel: ZFS WARNING: Recommended minimum kmem_size is 512MB; expect unstable behavior.
Aug 13 13:20:53 pfSense kernel: Consider tuning vm.kmem_size and vm.kmem_size_max
Aug 13 13:20:53 pfSense kernel: in /boot/loader.conf.
Aug 13 13:20:53 pfSense kernel: ZFS filesystem version 5
Aug 13 13:20:53 pfSense kernel: ZFS storage pool version 28
Aug 13 13:20:55 pfSense php: rc.bootup: Accept router advertisements on interface em0 
Aug 13 13:20:55 pfSense check_reload_status: rc.newwanip starting em0
Aug 13 13:20:55 pfSense php: rc.bootup: Resyncing OpenVPN instances.
Aug 13 13:20:55 pfSense kernel: pflog0: promiscuous mode enabled
Aug 13 13:20:57 pfSense php: rc.newwanip: rc.newwanip: Informational is starting em0.
Aug 13 13:20:57 pfSense php: rc.newwanip: rc.newwanip: on (IP address: 10.10.1.145) (interface: WAN[wan]) (real interface: em0).
Aug 13 13:20:57 pfSense php: rc.newwanip: ROUTING: setting default route to 10.10.1.1
Aug 13 13:20:58 pfSense php: rc.bootup: ROUTING: setting default route to 10.10.1.1
Aug 13 13:20:58 pfSense check_reload_status: Updating all dyndns
Aug 13 13:21:02 pfSense php: rc.newwanip: Resyncing OpenVPN instances for interface WAN.
Aug 13 13:21:02 pfSense php: rc.newwanip: Creating rrd update script
Aug 13 13:21:02 pfSense php: rc.bootup: The command '/usr/bin/nice -n20 /usr/local/bin/rrdtool update /var/db/rrd/wan-traffic.rrd N:U:U:U:U:U:U:U:U' returned exit code '1', the output was 'ERROR: /var/db/rrd/wan-traffic.rrd: illegal attempt to update using time 1407936062 when last update time is 1407945315 (minimum one second step)' 
Aug 13 13:21:02 pfSense php: rc.bootup: The command '/usr/bin/nice -n20 /usr/local/bin/rrdtool update /var/db/rrd/wan-packets.rrd N:U:U:U:U:U:U:U:U' returned exit code '1', the output was 'ERROR: /var/db/rrd/wan-packets.rrd: illegal attempt to update using time 1407936062 when last update time is 1407945315 (minimum one second step)' 
Aug 13 13:21:02 pfSense php: rc.bootup: The command '/usr/bin/nice -n20 /usr/local/bin/rrdtool update /var/db/rrd/lan-traffic.rrd N:U:U:U:U:U:U:U:U' returned exit code '1', the output was 'ERROR: /var/db/rrd/lan-traffic.rrd: illegal attempt to update using time 1407936062 when last update time is 1407945315 (minimum one second step)' 
Aug 13 13:21:02 pfSense php: rc.bootup: The command '/usr/bin/nice -n20 /usr/local/bin/rrdtool update /var/db/rrd/lan-packets.rrd N:U:U:U:U:U:U:U:U' returned exit code '1', the output was 'ERROR: /var/db/rrd/lan-packets.rrd: illegal attempt to update using time 1407936062 when last update time is 1407945315 (minimum one second step)' 
Aug 13 13:21:02 pfSense php: rc.bootup: The command '/usr/bin/nice -n20 /usr/local/bin/rrdtool update /var/db/rrd/ipsec-traffic.rrd N:U:U:U:U:U:U:U:U' returned exit code '1', the output was 'ERROR: /var/db/rrd/ipsec-traffic.rrd: illegal attempt to update using time 1407936062 when last update time is 1407945315 (minimum one second step)' 
Aug 13 13:21:02 pfSense php: rc.bootup: The command '/usr/bin/nice -n20 /usr/local/bin/rrdtool update /var/db/rrd/ipsec-packets.rrd N:U:U:U:U:U:U:U:U' returned exit code '1', the output was 'ERROR: /var/db/rrd/ipsec-packets.rrd: illegal attempt to update using time 1407936062 when last update time is 1407945315 (minimum one second step)' 
Aug 13 13:21:02 pfSense php: rc.bootup: The command '/usr/bin/nice -n20 /usr/local/bin/rrdtool update /var/db/rrd/system-states.rrd N:U:U:U:U:U' returned exit code '1', the output was 'ERROR: /var/db/rrd/system-states.rrd: illegal attempt to update using time 1407936062 when last update time is 1407945315 (minimum one second step)' 
Aug 13 13:21:02 pfSense php: rc.bootup: The command '/usr/bin/nice -n20 /usr/local/bin/rrdtool update /var/db/rrd/system-processor.rrd N:U:U:U:U:U' returned exit code '1', the output was 'ERROR: /var/db/rrd/system-processor.rrd: illegal attempt to update using time 1407936062 when last update time is 1407945316 (minimum one second step)' 
Aug 13 13:21:02 pfSense php: rc.bootup: The command '/usr/bin/nice -n20 /usr/local/bin/rrdtool update /var/db/rrd/system-memory.rrd N:U:U:U:U:U' returned exit code '1', the output was 'ERROR: /var/db/rrd/system-memory.rrd: illegal attempt to update using time 1407936062 when last update time is 1407945316 (minimum one second step)' 
Aug 13 13:21:02 pfSense php: rc.bootup: The command '/usr/bin/nice -n20 /usr/local/bin/rrdtool update /var/db/rrd/system-mbuf.rrd N:U:U:U:U' returned exit code '1', the output was 'ERROR: /var/db/rrd/system-mbuf.rrd: illegal attempt to update using time 1407936062 when last update time is 1407945316 (minimum one second step)' 
Aug 13 13:21:02 pfSense php: rc.bootup: Creating rrd update script
Aug 13 13:21:02 pfSense syslogd: exiting on signal 15
Aug 13 13:21:02 pfSense syslogd: kernel boot file is /boot/kernel/kernel
Aug 13 13:21:03 pfSense php: rc.start_packages: Restarting/Starting all packages.
Aug 13 13:21:04 pfSense login: login on ttyv0 as root
Aug 13 13:21:04 pfSense sshlockout[77918]: sshlockout/webConfigurator v3.0 starting up
Aug 13 13:21:04 pfSense php: rc.newwanip: pfSense package system has detected an ip change 0.0.0.0 ->  10.10.1.145 ... Restarting packages.
Aug 13 13:21:04 pfSense check_reload_status: Starting packages
Aug 13 13:21:04 pfSense check_reload_status: Reloading filter
Aug 13 13:21:07 pfSense php: rc.start_packages: Restarting/Starting all packages.
Aug 13 13:21:14 pfSense sshd[89812]: Server listening on :: port 22.
Aug 13 13:21:14 pfSense sshd[89812]: Server listening on 0.0.0.0 port 22.
Aug 13 13:21:19 pfSense sshd[90064]: Accepted keyboard-interactive/pam for admin from 192.168.1.100 port 39720 ssh2
Aug 13 13:25:12 pfSense sshd[57114]: Accepted keyboard-interactive/pam for admin from 192.168.1.100 port 39809 ssh2
Aug 13 13:37:03 pfSense sshd[89812]: Received signal 15; terminating.
Aug 13 13:37:03 pfSense sshd[27610]: Server listening on :: port 22.
Aug 13 13:37:03 pfSense sshd[27610]: Server listening on 0.0.0.0 port 22.
Aug 13 13:45:19 pfSense admin: hjksdhkjas
Aug 13 13:45:20 pfSense admin: hjksdhkjas
Aug 13 13:46:47 pfSense syslogd: exiting on signal 15
Aug 13 13:46:47 pfSense syslogd: kernel boot file is /boot/kernel/kernel
Aug 13 13:48:09 pfSense syslogd: exiting on signal 15
Aug 13 13:48:11 pfSense syslogd: kernel boot file is /boot/kernel/kernel
Aug 13 14:05:14 pfSense syslogd: exiting on signal 15
Aug 13 14:05:14 pfSense syslogd: kernel boot file is /boot/kernel/kernel
Aug 13 14:05:30 pfSense syslogd: exiting on signal 15
Aug 13 14:05:32 pfSense syslogd: kernel boot file is /boot/kernel/kernel
Aug 13 14:13:10 pfSense shutdown: reboot by admin: 
Aug 13 14:13:10 pfSense shutdown: reboot by admin: 
Aug 13 14:13:10 pfSense sshlockout[75800]: sshlockout/webConfigurator v3.0 starting up
Aug 13 14:13:12 pfSense syslogd: exiting on signal 15
Aug 13 19:44:19 pfSense syslogd: kernel boot file is /boot/kernel/kernel
Aug 13 19:44:19 pfSense kernel: Copyright (c) 1992-2012 The FreeBSD Project.
Aug 13 19:44:19 pfSense kernel: Copyright (c) 1979, 1980, 1983, 1986, 1988, 1989, 1991, 1992, 1993, 1994
Aug 13 19:44:19 pfSense kernel: The Regents of the University of California. All rights reserved.
Aug 13 19:44:19 pfSense kernel: FreeBSD is a registered trademark of The FreeBSD Foundation.
Aug 13 19:44:19 pfSense kernel: FreeBSD 8.3-RELEASE-p16 #0: Thu May  1 16:19:14 EDT 2014
Aug 13 19:44:19 pfSense kernel: root@pf2_1_1_amd64.pfsense.org:/usr/obj.amd64/usr/pfSensesrc/src/sys/pfSense_SMP.8 amd64
Aug 13 19:44:19 pfSense kernel: Timecounter "i8254" frequency 1193182 Hz quality 0
Aug 13 19:44:19 pfSense kernel: CPU: Intel(R) Core(TM) i5-4300U CPU @ 1.90GHz (2479.26-MHz K8-class CPU)
Aug 13 19:44:19 pfSense kernel: Origin = "GenuineIntel"  Id = 0x40651  Family = 6  Model = 45  Stepping = 1
Aug 13 19:44:19 pfSense kernel: Features=0x783fbff<FPU,VME,DE,PSE,TSC,MSR,PAE,MCE,CX8,APIC,SEP,MTRR,PGE,MCA,CMOV,PAT,PSE36,MMX,FXSR,SSE,SSE2>
Aug 13 19:44:19 pfSense kernel: Features2=0x209<SSE3,MON,SSSE3>
Aug 13 19:44:19 pfSense kernel: AMD Features=0x28100800<SYSCALL,NX,RDTSCP,LM>
Aug 13 19:44:19 pfSense kernel: AMD Features2=0x1<LAHF>
Aug 13 19:44:19 pfSense kernel: TSC: P-state invariant
Aug 13 19:44:19 pfSense kernel: real memory  = 536805376 (511 MB)
Aug 13 19:44:19 pfSense kernel: avail memory = 491565056 (468 MB)
Aug 13 19:44:19 pfSense kernel: ACPI APIC Table: <VBOX   VBOXAPIC>
Aug 13 19:44:19 pfSense kernel: ioapic0 <Version 1.1> irqs 0-23 on motherboard
Aug 13 19:44:19 pfSense kernel: wlan: mac acl policy registered
Aug 13 19:44:19 pfSense kernel: ipw_bss: You need to read the LICENSE file in /usr/share/doc/legal/intel_ipw/.
Aug 13 19:44:19 pfSense kernel: ipw_bss: If you agree with the license, set legal.intel_ipw.license_ack=1 in /boot/loader.conf.
Aug 13 19:44:19 pfSense kernel: module_register_init: MOD_LOAD (ipw_bss_fw, 0xffffffff804abaf0, 0) error 1
Aug 13 19:44:19 pfSense kernel: ipw_ibss: You need to read the LICENSE file in /usr/share/doc/legal/intel_ipw/.
Aug 13 19:44:19 pfSense kernel: ipw_ibss: If you agree with the license, set legal.intel_ipw.license_ack=1 in /boot/loader.conf.
Aug 13 19:44:19 pfSense kernel: module_register_init: MOD_LOAD (ipw_ibss_fw, 0xffffffff804abb90, 0) error 1
Aug 13 19:44:19 pfSense kernel: ipw_monitor: You need to read the LICENSE file in /usr/share/doc/legal/intel_ipw/.
Aug 13 19:44:19 pfSense kernel: ipw_monitor: If you agree with the license, set legal.intel_ipw.license_ack=1 in /boot/loader.conf.
Aug 13 19:44:19 pfSense kernel: module_register_init: MOD_LOAD (ipw_monitor_fw, 0xffffffff804abc30, 0) error 1
Aug 13 19:44:19 pfSense kernel: kbd1 at kbdmux0
Aug 13 19:44:19 pfSense kernel: cryptosoft0: <software crypto> on motherboard
Aug 13 19:44:19 pfSense kernel: padlock0: No ACE support.
Aug 13 19:44:19 pfSense kernel: acpi0: <VBOX VBOXXSDT> on motherboard
Aug 13 19:44:19 pfSense kernel: acpi0: [ITHREAD]
Aug 13 19:44:19 pfSense kernel: acpi0: Power Button (fixed)
Aug 13 19:44:19 pfSense kernel: acpi0: Sleep Button (fixed)
Aug 13 19:44:19 pfSense kernel: Timecounter "ACPI-safe" frequency 3579545 Hz quality 850
Aug 13 19:44:19 pfSense kernel: acpi_timer0: <32-bit timer at 3.579545MHz> port 0x4008-0x400b on acpi0
Aug 13 19:44:19 pfSense kernel: cpu0: <ACPI CPU> on acpi0
Aug 13 19:44:19 pfSense kernel: pcib0: <ACPI Host-PCI bridge> port 0xcf8-0xcff on acpi0
Aug 13 19:44:19 pfSense kernel: pci0: <ACPI PCI bus> on pcib0
Aug 13 19:44:19 pfSense kernel: isab0: <PCI-ISA bridge> at device 1.0 on pci0
Aug 13 19:44:19 pfSense kernel: isa0: <ISA bus> on isab0
Aug 13 19:44:19 pfSense kernel: atapci0: <Intel PIIX4 UDMA33 controller> port 0x1f0-0x1f7,0x3f6,0x170-0x177,0x376,0xd000-0xd00f at device 1.1 on pci0
Aug 13 19:44:19 pfSense kernel: ata0: <ATA channel> at channel 0 on atapci0
Aug 13 19:44:19 pfSense kernel: ata0: [ITHREAD]
Aug 13 19:44:19 pfSense kernel: ata1: <ATA channel> at channel 1 on atapci0
Aug 13 19:44:19 pfSense kernel: ata1: [ITHREAD]
Aug 13 19:44:19 pfSense kernel: vgapci0: <VGA-compatible display> mem 0xe0000000-0xe07fffff irq 18 at device 2.0 on pci0
Aug 13 19:44:19 pfSense kernel: em0: <Intel(R) PRO/1000 Legacy Network Connection 1.0.6> port 0xd010-0xd017 mem 0xf0000000-0xf001ffff irq 19 at device 3.0 on pci0
Aug 13 19:44:19 pfSense kernel: em0: [FILTER]
Aug 13 19:44:19 pfSense kernel: pci0: <base peripheral> at device 4.0 (no driver attached)
Aug 13 19:44:19 pfSense kernel: pci0: <multimedia, audio> at device 5.0 (no driver attached)
Aug 13 19:44:19 pfSense kernel: ohci0: <OHCI (generic) USB controller> mem 0xf0804000-0xf0804fff irq 22 at device 6.0 on pci0
Aug 13 19:44:19 pfSense kernel: ohci0: [ITHREAD]
Aug 13 19:44:19 pfSense kernel: usbus0: <OHCI (generic) USB controller> on ohci0
Aug 13 19:44:19 pfSense kernel: pci0: <bridge> at device 7.0 (no driver attached)
Aug 13 19:44:19 pfSense kernel: em1: <Intel(R) PRO/1000 Legacy Network Connection 1.0.6> port 0xd240-0xd247 mem 0xf0820000-0xf083ffff irq 16 at device 8.0 on pci0
Aug 13 19:44:19 pfSense kernel: em1: [FILTER]
Aug 13 19:44:19 pfSense kernel: ehci0: <Intel 82801FB (ICH6) USB 2.0 controller> mem 0xf0840000-0xf0840fff irq 19 at device 11.0 on pci0
Aug 13 19:44:19 pfSense kernel: ehci0: [ITHREAD]
Aug 13 19:44:19 pfSense kernel: usbus1: EHCI version 1.0
Aug 13 19:44:19 pfSense kernel: usbus1: <Intel 82801FB (ICH6) USB 2.0 controller> on ehci0
Aug 13 19:44:19 pfSense kernel: battery0: <ACPI Control Method Battery> on acpi0
Aug 13 19:44:19 pfSense kernel: acpi_acad0: <AC Adapter> on acpi0
Aug 13 19:44:19 pfSense kernel: atkbdc0: <Keyboard controller (i8042)> port 0x60,0x64 irq 1 on acpi0
Aug 13 19:44:19 pfSense kernel: atkbd0: <AT Keyboard> irq 1 on atkbdc0
Aug 13 19:44:19 pfSense kernel: kbd0 at atkbd0
Aug 13 19:44:19 pfSense kernel: atkbd0: [GIANT-LOCKED]
Aug 13 19:44:19 pfSense kernel: atkbd0: [ITHREAD]
Aug 13 19:44:19 pfSense kernel: psm0: <PS/2 Mouse> irq 12 on atkbdc0
Aug 13 19:44:19 pfSense kernel: psm0: [GIANT-LOCKED]
Aug 13 19:44:19 pfSense kernel: psm0: [ITHREAD]
Aug 13 19:44:19 pfSense kernel: psm0: model IntelliMouse Explorer, device ID 4
Aug 13 19:44:19 pfSense kernel: orm0: <ISA Option ROMs> at iomem 0xc0000-0xc7fff,0xe2000-0xe2fff on isa0
Aug 13 19:44:19 pfSense kernel: sc0: <System console> at flags 0x100 on isa0
Aug 13 19:44:19 pfSense kernel: sc0: VGA <16 virtual consoles, flags=0x300>
Aug 13 19:44:19 pfSense kernel: vga0: <Generic ISA VGA> at port 0x3c0-0x3df iomem 0xa0000-0xbffff on isa0
Aug 13 19:44:19 pfSense kernel: atrtc0: <AT Real Time Clock> at port 0x70 irq 8 on isa0
Aug 13 19:44:19 pfSense kernel: ppc0: cannot reserve I/O port range
Aug 13 19:44:19 pfSense kernel: Timecounter "TSC" frequency 2479262960 Hz quality 800
Aug 13 19:44:19 pfSense kernel: Timecounters tick every 10.000 msec
Aug 13 19:44:19 pfSense kernel: IPsec: Initialized Security Association Processing.
Aug 13 19:44:19 pfSense kernel: usbus0: 12Mbps Full Speed USB v1.0
Aug 13 19:44:19 pfSense kernel: usbus1: 480Mbps High Speed USB v2.0
Aug 13 19:44:19 pfSense kernel: ugen0.1: <Apple> at usbus0
Aug 13 19:44:19 pfSense kernel: uhub0: <Apple OHCI root HUB, class 9/0, rev 1.00/1.00, addr 1> on usbus0
Aug 13 19:44:19 pfSense kernel: ugen1.1: <Intel> at usbus1
Aug 13 19:44:19 pfSense kernel: uhub1: <Intel EHCI root HUB, class 9/0, rev 2.00/1.00, addr 1> on usbus1
Aug 13 19:44:19 pfSense kernel: ad0: 2048MB <VBOX HARDDISK 1.0> at ata0-master UDMA33 
Aug 13 19:44:19 pfSense kernel: acd0: DVDROM <VBOX CD-ROM/1.0> at ata1-master UDMA33 
Aug 13 19:44:19 pfSense kernel: Root mount waiting for: usbus1 usbus0
Aug 13 19:44:19 pfSense kernel: uhub0: 8 ports with 8 removable, self powered
Aug 13 19:44:19 pfSense kernel: Root mount waiting for: usbus1
Aug 13 19:44:19 pfSense kernel: Root mount waiting for: usbus1
Aug 13 19:44:19 pfSense kernel: Root mount waiting for: usbus1
Aug 13 19:44:19 pfSense kernel: uhub1: 8 ports with 8 removable, self powered
Aug 13 19:44:19 pfSense kernel: Trying to mount root from ufs:/dev/ad0s1a
Aug 13 19:44:19 pfSense kernel: ZFS NOTICE: Prefetch is disabled by default if less than 4GB of RAM is present;
Aug 13 19:44:19 pfSense kernel: to enable, add "vfs.zfs.prefetch_disable=0" to /boot/loader.conf.
Aug 13 19:44:19 pfSense kernel: ZFS WARNING: Recommended minimum kmem_size is 512MB; expect unstable behavior.
Aug 13 19:44:19 pfSense kernel: Consider tuning vm.kmem_size and vm.kmem_size_max
Aug 13 19:44:19 pfSense kernel: in /boot/loader.conf.
Aug 13 19:44:19 pfSense kernel: ZFS filesystem version 5
Aug 13 19:44:19 pfSense kernel: ZFS storage pool version 28
Aug 13 19:44:19 pfSense php: rc.bootup: Accept router advertisements on interface em0 
Aug 13 19:44:19 pfSense check_reload_status: rc.newwanip starting em0
Aug 13 19:44:19 pfSense php: rc.bootup: Resyncing OpenVPN instances.
Aug 13 19:44:19 pfSense kernel: pflog0: promiscuous mode enabled
Aug 13 19:44:21 pfSense php: rc.newwanip: rc.newwanip: Informational is starting em0.
Aug 13 19:44:21 pfSense php: rc.newwanip: rc.newwanip: on (IP address: 10.10.1.102) (interface: WAN[wan]) (real interface: em0).
Aug 13 19:44:21 pfSense php: rc.newwanip: ROUTING: setting default route to 10.10.1.1
Aug 13 19:44:22 pfSense php: rc.bootup: ROUTING: setting default route to 10.10.1.1
Aug 13 19:44:23 pfSense check_reload_status: Updating all dyndns
Aug 13 14:14:28 pfSense php: rc.newwanip: Resyncing OpenVPN instances for interface WAN.
Aug 13 14:14:28 pfSense php: rc.newwanip: Creating rrd update script
Aug 13 14:14:28 pfSense php: rc.bootup: The command '/usr/bin/nice -n20 /usr/local/bin/rrdtool update /var/db/rrd/wan-traffic.rrd N:U:U:U:U:U:U:U:U' returned exit code '1', the output was 'ERROR: /var/db/rrd/wan-traffic.rrd: illegal attempt to update using time 1407939268 when last update time is 1407945315 (minimum one second step)' 
Aug 13 14:14:28 pfSense php: rc.bootup: The command '/usr/bin/nice -n20 /usr/local/bin/rrdtool update /var/db/rrd/wan-packets.rrd N:U:U:U:U:U:U:U:U' returned exit code '1', the output was 'ERROR: /var/db/rrd/wan-packets.rrd: illegal attempt to update using time 1407939268 when last update time is 1407945315 (minimum one second step)' 
Aug 13 14:14:28 pfSense php: rc.bootup: The command '/usr/bin/nice -n20 /usr/local/bin/rrdtool update /var/db/rrd/lan-traffic.rrd N:U:U:U:U:U:U:U:U' returned exit code '1', the output was 'ERROR: /var/db/rrd/lan-traffic.rrd: illegal attempt to update using time 1407939268 when last update time is 1407945315 (minimum one second step)' 
Aug 13 14:14:28 pfSense php: rc.bootup: The command '/usr/bin/nice -n20 /usr/local/bin/rrdtool update /var/db/rrd/lan-packets.rrd N:U:U:U:U:U:U:U:U' returned exit code '1', the output was 'ERROR: /var/db/rrd/lan-packets.rrd: illegal attempt to update using time 1407939268 when last update time is 1407945315 (minimum one second step)' 
Aug 13 14:14:28 pfSense php: rc.bootup: The command '/usr/bin/nice -n20 /usr/local/bin/rrdtool update /var/db/rrd/ipsec-traffic.rrd N:U:U:U:U:U:U:U:U' returned exit code '1', the output was 'ERROR: /var/db/rrd/ipsec-traffic.rrd: illegal attempt to update using time 1407939268 when last update time is 1407945315 (minimum one second step)' 
Aug 13 14:14:28 pfSense php: rc.bootup: The command '/usr/bin/nice -n20 /usr/local/bin/rrdtool update /var/db/rrd/ipsec-packets.rrd N:U:U:U:U:U:U:U:U' returned exit code '1', the output was 'ERROR: /var/db/rrd/ipsec-packets.rrd: illegal attempt to update using time 1407939268 when last update time is 1407945315 (minimum one second step)' 
Aug 13 14:14:28 pfSense php: rc.bootup: The command '/usr/bin/nice -n20 /usr/local/bin/rrdtool update /var/db/rrd/system-states.rrd N:U:U:U:U:U' returned exit code '1', the output was 'ERROR: /var/db/rrd/system-states.rrd: illegal attempt to update using time 1407939268 when last update time is 1407945315 (minimum one second step)' 
Aug 13 14:14:28 pfSense php: rc.bootup: The command '/usr/bin/nice -n20 /usr/local/bin/rrdtool update /var/db/rrd/system-processor.rrd N:U:U:U:U:U' returned exit code '1', the output was 'ERROR: /var/db/rrd/system-processor.rrd: illegal attempt to update using time 1407939268 when last update time is 1407945316 (minimum one second step)' 
Aug 13 14:14:28 pfSense php: rc.bootup: The command '/usr/bin/nice -n20 /usr/local/bin/rrdtool update /var/db/rrd/system-memory.rrd N:U:U:U:U:U' returned exit code '1', the output was 'ERROR: /var/db/rrd/system-memory.rrd: illegal attempt to update using time 1407939268 when last update time is 1407945316 (minimum one second step)' 
Aug 13 14:14:28 pfSense php: rc.bootup: The command '/usr/bin/nice -n20 /usr/local/bin/rrdtool update /var/db/rrd/system-mbuf.rrd N:U:U:U:U' returned exit code '1', the output was 'ERROR: /var/db/rrd/system-mbuf.rrd: illegal attempt to update using time 1407939268 when last update time is 1407945316 (minimum one second step)' 
Aug 13 14:14:28 pfSense php: rc.bootup: Creating rrd update script
Aug 13 14:14:28 pfSense syslogd: exiting on signal 15
Aug 13 14:14:28 pfSense syslogd: kernel boot file is /boot/kernel/kernel
Aug 13 14:14:28 pfSense php: rc.start_packages: Restarting/Starting all packages.
Aug 13 14:14:30 pfSense login: login on ttyv0 as root
Aug 13 14:14:30 pfSense sshlockout[78693]: sshlockout/webConfigurator v3.0 starting up
Aug 13 14:14:30 pfSense php: rc.newwanip: pfSense package system has detected an ip change 0.0.0.0 ->  10.10.1.102 ... Restarting packages.
Aug 13 14:14:30 pfSense check_reload_status: Starting packages
Aug 13 14:14:30 pfSense check_reload_status: Reloading filter
Aug 13 14:14:32 pfSense php: rc.start_packages: Restarting/Starting all packages.
Aug 13 14:14:49 pfSense sshd[94750]: Server listening on :: port 22.
Aug 13 14:14:49 pfSense sshd[94750]: Server listening on 0.0.0.0 port 22.
Aug 13 14:15:04 pfSense sshd[95696]: Accepted keyboard-interactive/pam for admin from 192.168.1.100 port 40722 ssh2
Aug 13 14:17:59 pfSense shutdown: reboot by admin: 
Aug 13 14:17:59 pfSense shutdown: reboot by admin: 
Aug 13 14:18:01 pfSense syslogd: exiting on signal 15
Aug 13 19:48:41 pfSense syslogd: kernel boot file is /boot/kernel/kernel
Aug 13 19:48:41 pfSense kernel: Copyright (c) 1992-2012 The FreeBSD Project.
Aug 13 19:48:41 pfSense kernel: Copyright (c) 1979, 1980, 1983, 1986, 1988, 1989, 1991, 1992, 1993, 1994
Aug 13 19:48:41 pfSense kernel: The Regents of the University of California. All rights reserved.
Aug 13 19:48:41 pfSense kernel: FreeBSD is a registered trademark of The FreeBSD Foundation.
Aug 13 19:48:41 pfSense kernel: FreeBSD 8.3-RELEASE-p16 #0: Thu May  1 16:19:14 EDT 2014
Aug 13 19:48:41 pfSense kernel: root@pf2_1_1_amd64.pfsense.org:/usr/obj.amd64/usr/pfSensesrc/src/sys/pfSense_SMP.8 amd64
Aug 13 19:48:41 pfSense kernel: Timecounter "i8254" frequency 1193182 Hz quality 0
Aug 13 19:48:41 pfSense kernel: CPU: Intel(R) Core(TM) i5-4300U CPU @ 1.90GHz (2484.83-MHz K8-class CPU)
Aug 13 19:48:41 pfSense kernel: Origin = "GenuineIntel"  Id = 0x40651  Family = 6  Model = 45  Stepping = 1
Aug 13 19:48:41 pfSense kernel: Features=0x783fbff<FPU,VME,DE,PSE,TSC,MSR,PAE,MCE,CX8,APIC,SEP,MTRR,PGE,MCA,CMOV,PAT,PSE36,MMX,FXSR,SSE,SSE2>
Aug 13 19:48:41 pfSense kernel: Features2=0x209<SSE3,MON,SSSE3>
Aug 13 19:48:41 pfSense kernel: AMD Features=0x28100800<SYSCALL,NX,RDTSCP,LM>
Aug 13 19:48:41 pfSense kernel: AMD Features2=0x1<LAHF>
Aug 13 19:48:41 pfSense kernel: TSC: P-state invariant
Aug 13 19:48:41 pfSense kernel: real memory  = 536805376 (511 MB)
Aug 13 19:48:41 pfSense kernel: avail memory = 491565056 (468 MB)
Aug 13 19:48:41 pfSense kernel: ACPI APIC Table: <VBOX   VBOXAPIC>
Aug 13 19:48:41 pfSense kernel: ioapic0 <Version 1.1> irqs 0-23 on motherboard
Aug 13 19:48:41 pfSense kernel: wlan: mac acl policy registered
Aug 13 19:48:41 pfSense kernel: ipw_bss: You need to read the LICENSE file in /usr/share/doc/legal/intel_ipw/.
Aug 13 19:48:41 pfSense kernel: ipw_bss: If you agree with the license, set legal.intel_ipw.license_ack=1 in /boot/loader.conf.
Aug 13 19:48:41 pfSense kernel: module_register_init: MOD_LOAD (ipw_bss_fw, 0xffffffff804abaf0, 0) error 1
Aug 13 19:48:41 pfSense kernel: ipw_ibss: You need to read the LICENSE file in /usr/share/doc/legal/intel_ipw/.
Aug 13 19:48:41 pfSense kernel: ipw_ibss: If you agree with the license, set legal.intel_ipw.license_ack=1 in /boot/loader.conf.
Aug 13 19:48:41 pfSense kernel: module_register_init: MOD_LOAD (ipw_ibss_fw, 0xffffffff804abb90, 0) error 1
Aug 13 19:48:41 pfSense kernel: ipw_monitor: You need to read the LICENSE file in /usr/share/doc/legal/intel_ipw/.
Aug 13 19:48:41 pfSense kernel: ipw_monitor: If you agree with the license, set legal.intel_ipw.license_ack=1 in /boot/loader.conf.
Aug 13 19:48:41 pfSense kernel: module_register_init: MOD_LOAD (ipw_monitor_fw, 0xffffffff804abc30, 0) error 1
Aug 13 19:48:41 pfSense kernel: kbd1 at kbdmux0
Aug 13 19:48:41 pfSense kernel: cryptosoft0: <software crypto> on motherboard
Aug 13 19:48:41 pfSense kernel: padlock0: No ACE support.
Aug 13 19:48:41 pfSense kernel: acpi0: <VBOX VBOXXSDT> on motherboard
Aug 13 19:48:41 pfSense kernel: acpi0: [ITHREAD]
Aug 13 19:48:41 pfSense kernel: acpi0: Power Button (fixed)
Aug 13 19:48:41 pfSense kernel: acpi0: Sleep Button (fixed)
Aug 13 19:48:41 pfSense kernel: Timecounter "ACPI-safe" frequency 3579545 Hz quality 850
Aug 13 19:48:41 pfSense kernel: acpi_timer0: <32-bit timer at 3.579545MHz> port 0x4008-0x400b on acpi0
Aug 13 19:48:41 pfSense kernel: cpu0: <ACPI CPU> on acpi0
Aug 13 19:48:41 pfSense kernel: pcib0: <ACPI Host-PCI bridge> port 0xcf8-0xcff on acpi0
Aug 13 19:48:41 pfSense kernel: pci0: <ACPI PCI bus> on pcib0
Aug 13 19:48:41 pfSense kernel: isab0: <PCI-ISA bridge> at device 1.0 on pci0
Aug 13 19:48:41 pfSense kernel: isa0: <ISA bus> on isab0
Aug 13 19:48:41 pfSense kernel: atapci0: <Intel PIIX4 UDMA33 controller> port 0x1f0-0x1f7,0x3f6,0x170-0x177,0x376,0xd000-0xd00f at device 1.1 on pci0
Aug 13 19:48:41 pfSense kernel: ata0: <ATA channel> at channel 0 on atapci0
Aug 13 19:48:41 pfSense kernel: ata0: [ITHREAD]
Aug 13 19:48:41 pfSense kernel: ata1: <ATA channel> at channel 1 on atapci0
Aug 13 19:48:41 pfSense kernel: ata1: [ITHREAD]
Aug 13 19:48:41 pfSense kernel: vgapci0: <VGA-compatible display> mem 0xe0000000-0xe07fffff irq 18 at device 2.0 on pci0
Aug 13 19:48:41 pfSense kernel: em0: <Intel(R) PRO/1000 Legacy Network Connection 1.0.6> port 0xd010-0xd017 mem 0xf0000000-0xf001ffff irq 19 at device 3.0 on pci0
Aug 13 19:48:41 pfSense kernel: em0: [FILTER]
Aug 13 19:48:41 pfSense kernel: pci0: <base peripheral> at device 4.0 (no driver attached)
Aug 13 19:48:41 pfSense kernel: pci0: <multimedia, audio> at device 5.0 (no driver attached)
Aug 13 19:48:41 pfSense kernel: ohci0: <OHCI (generic) USB controller> mem 0xf0804000-0xf0804fff irq 22 at device 6.0 on pci0
Aug 13 19:48:41 pfSense kernel: ohci0: [ITHREAD]
Aug 13 19:48:41 pfSense kernel: usbus0: <OHCI (generic) USB controller> on ohci0
Aug 13 19:48:41 pfSense kernel: pci0: <bridge> at device 7.0 (no driver attached)
Aug 13 19:48:41 pfSense kernel: em1: <Intel(R) PRO/1000 Legacy Network Connection 1.0.6> port 0xd240-0xd247 mem 0xf0820000-0xf083ffff irq 16 at device 8.0 on pci0
Aug 13 19:48:41 pfSense kernel: em1: [FILTER]
Aug 13 19:48:41 pfSense kernel: ehci0: <Intel 82801FB (ICH6) USB 2.0 controller> mem 0xf0840000-0xf0840fff irq 19 at device 11.0 on pci0
Aug 13 19:48:41 pfSense kernel: ehci0: [ITHREAD]
Aug 13 19:48:41 pfSense kernel: usbus1: EHCI version 1.0
Aug 13 19:48:41 pfSense kernel: usbus1: <Intel 82801FB (ICH6) USB 2.0 controller> on ehci0
Aug 13 19:48:41 pfSense kernel: battery0: <ACPI Control Method Battery> on acpi0
Aug 13 19:48:41 pfSense kernel: acpi_acad0: <AC Adapter> on acpi0
Aug 13 19:48:41 pfSense kernel: atkbdc0: <Keyboard controller (i8042)> port 0x60,0x64 irq 1 on acpi0
Aug 13 19:48:41 pfSense kernel: atkbd0: <AT Keyboard> irq 1 on atkbdc0
Aug 13 19:48:41 pfSense kernel: kbd0 at atkbd0
Aug 13 19:48:41 pfSense kernel: atkbd0: [GIANT-LOCKED]
Aug 13 19:48:41 pfSense kernel: atkbd0: [ITHREAD]
Aug 13 19:48:41 pfSense kernel: psm0: <PS/2 Mouse> irq 12 on atkbdc0
Aug 13 19:48:41 pfSense kernel: psm0: [GIANT-LOCKED]
Aug 13 19:48:41 pfSense kernel: psm0: [ITHREAD]
Aug 13 19:48:41 pfSense kernel: psm0: model IntelliMouse Explorer, device ID 4
Aug 13 19:48:41 pfSense kernel: orm0: <ISA Option ROMs> at iomem 0xc0000-0xc7fff,0xe2000-0xe2fff on isa0
Aug 13 19:48:41 pfSense kernel: sc0: <System console> at flags 0x100 on isa0
Aug 13 19:48:41 pfSense kernel: sc0: VGA <16 virtual consoles, flags=0x300>
Aug 13 19:48:41 pfSense kernel: vga0: <Generic ISA VGA> at port 0x3c0-0x3df iomem 0xa0000-0xbffff on isa0
Aug 13 19:48:41 pfSense kernel: atrtc0: <AT Real Time Clock> at port 0x70 irq 8 on isa0
Aug 13 19:48:41 pfSense kernel: ppc0: cannot reserve I/O port range
Aug 13 19:48:41 pfSense kernel: Timecounter "TSC" frequency 2484832380 Hz quality 800
Aug 13 19:48:41 pfSense kernel: Timecounters tick every 10.000 msec
Aug 13 19:48:41 pfSense kernel: IPsec: Initialized Security Association Processing.
Aug 13 19:48:41 pfSense kernel: usbus0: 12Mbps Full Speed USB v1.0
Aug 13 19:48:41 pfSense kernel: usbus1: 480Mbps High Speed USB v2.0
Aug 13 19:48:41 pfSense kernel: ad0: 2048MB <VBOX HARDDISK 1.0> at ata0-master UDMA33 
Aug 13 19:48:41 pfSense kernel: ugen0.1: <Apple> at usbus0
Aug 13 19:48:41 pfSense kernel: uhub0: <Apple OHCI root HUB, class 9/0, rev 1.00/1.00, addr 1> on usbus0
Aug 13 19:48:41 pfSense kernel: ugen1.1: <Intel> at usbus1
Aug 13 19:48:41 pfSense kernel: uhub1: <Intel EHCI root HUB, class 9/0, rev 2.00/1.00, addr 1> on usbus1
Aug 13 19:48:41 pfSense kernel: acd0: DVDROM <VBOX CD-ROM/1.0> at ata1-master UDMA33 
Aug 13 19:48:41 pfSense kernel: Root mount waiting for: usbus1 usbus0
Aug 13 19:48:41 pfSense kernel: uhub0: 8 ports with 8 removable, self powered
Aug 13 19:48:41 pfSense kernel: Root mount waiting for: usbus1
Aug 13 19:48:41 pfSense kernel: Root mount waiting for: usbus1
Aug 13 19:48:41 pfSense kernel: Root mount waiting for: usbus1
Aug 13 19:48:41 pfSense kernel: uhub1: 8 ports with 8 removable, self powered
Aug 13 19:48:41 pfSense kernel: Trying to mount root from ufs:/dev/ad0s1a
Aug 13 19:48:41 pfSense kernel: ZFS NOTICE: Prefetch is disabled by default if less than 4GB of RAM is present;
Aug 13 19:48:41 pfSense kernel: to enable, add "vfs.zfs.prefetch_disable=0" to /boot/loader.conf.
Aug 13 19:48:41 pfSense kernel: ZFS WARNING: Recommended minimum kmem_size is 512MB; expect unstable behavior.
Aug 13 19:48:41 pfSense kernel: Consider tuning vm.kmem_size and vm.kmem_size_max
Aug 13 19:48:41 pfSense kernel: in /boot/loader.conf.
Aug 13 19:48:41 pfSense kernel: ZFS filesystem version 5
Aug 13 19:48:41 pfSense kernel: ZFS storage pool version 28
Aug 13 19:48:41 pfSense php: rc.bootup: Accept router advertisements on interface em0 
Aug 13 19:48:41 pfSense check_reload_status: rc.newwanip starting em0
Aug 13 19:48:41 pfSense php: rc.bootup: Resyncing OpenVPN instances.
Aug 13 19:48:41 pfSense kernel: pflog0: promiscuous mode enabled
Aug 13 19:48:43 pfSense php: rc.newwanip: rc.newwanip: Informational is starting em0.
Aug 13 19:48:43 pfSense php: rc.newwanip: rc.newwanip: on (IP address: 10.10.1.102) (interface: WAN[wan]) (real interface: em0).
Aug 13 19:48:43 pfSense php: rc.newwanip: ROUTING: setting default route to 10.10.1.1
Aug 13 19:48:45 pfSense php: rc.bootup: ROUTING: setting default route to 10.10.1.1
Aug 13 19:48:45 pfSense check_reload_status: Updating all dyndns
Aug 13 14:18:50 pfSense php: rc.newwanip: Resyncing OpenVPN instances for interface WAN.
Aug 13 14:18:50 pfSense php: rc.newwanip: Creating rrd update script
Aug 13 14:18:51 pfSense php: rc.bootup: The command '/usr/bin/nice -n20 /usr/local/bin/rrdtool update /var/db/rrd/wan-traffic.rrd N:U:U:U:U:U:U:U:U' returned exit code '1', the output was 'ERROR: /var/db/rrd/wan-traffic.rrd: illegal attempt to update using time 1407939531 when last update time is 1407945315 (minimum one second step)' 
Aug 13 14:18:51 pfSense php: rc.bootup: The command '/usr/bin/nice -n20 /usr/local/bin/rrdtool update /var/db/rrd/wan-packets.rrd N:U:U:U:U:U:U:U:U' returned exit code '1', the output was 'ERROR: /var/db/rrd/wan-packets.rrd: illegal attempt to update using time 1407939531 when last update time is 1407945315 (minimum one second step)' 
Aug 13 14:18:51 pfSense php: rc.bootup: The command '/usr/bin/nice -n20 /usr/local/bin/rrdtool update /var/db/rrd/lan-traffic.rrd N:U:U:U:U:U:U:U:U' returned exit code '1', the output was 'ERROR: /var/db/rrd/lan-traffic.rrd: illegal attempt to update using time 1407939531 when last update time is 1407945315 (minimum one second step)' 
Aug 13 14:18:51 pfSense php: rc.bootup: The command '/usr/bin/nice -n20 /usr/local/bin/rrdtool update /var/db/rrd/lan-packets.rrd N:U:U:U:U:U:U:U:U' returned exit code '1', the output was 'ERROR: /var/db/rrd/lan-packets.rrd: illegal attempt to update using time 1407939531 when last update time is 1407945315 (minimum one second step)' 
Aug 13 14:18:51 pfSense php: rc.bootup: The command '/usr/bin/nice -n20 /usr/local/bin/rrdtool update /var/db/rrd/ipsec-traffic.rrd N:U:U:U:U:U:U:U:U' returned exit code '1', the output was 'ERROR: /var/db/rrd/ipsec-traffic.rrd: illegal attempt to update using time 1407939531 when last update time is 1407945315 (minimum one second step)' 
Aug 13 14:18:51 pfSense php: rc.bootup: The command '/usr/bin/nice -n20 /usr/local/bin/rrdtool update /var/db/rrd/ipsec-packets.rrd N:U:U:U:U:U:U:U:U' returned exit code '1', the output was 'ERROR: /var/db/rrd/ipsec-packets.rrd: illegal attempt to update using time 1407939531 when last update time is 1407945315 (minimum one second step)' 
Aug 13 14:18:51 pfSense php: rc.bootup: The command '/usr/bin/nice -n20 /usr/local/bin/rrdtool update /var/db/rrd/system-states.rrd N:U:U:U:U:U' returned exit code '1', the output was 'ERROR: /var/db/rrd/system-states.rrd: illegal attempt to update using time 1407939531 when last update time is 1407945315 (minimum one second step)' 
Aug 13 14:18:51 pfSense php: rc.bootup: The command '/usr/bin/nice -n20 /usr/local/bin/rrdtool update /var/db/rrd/system-processor.rrd N:U:U:U:U:U' returned exit code '1', the output was 'ERROR: /var/db/rrd/system-processor.rrd: illegal attempt to update using time 1407939531 when last update time is 1407945316 (minimum one second step)' 
Aug 13 14:18:51 pfSense php: rc.bootup: The command '/usr/bin/nice -n20 /usr/local/bin/rrdtool update /var/db/rrd/system-memory.rrd N:U:U:U:U:U' returned exit code '1', the output was 'ERROR: /var/db/rrd/system-memory.rrd: illegal attempt to update using time 1407939531 when last update time is 1407945316 (minimum one second step)' 
Aug 13 14:18:51 pfSense php: rc.bootup: The command '/usr/bin/nice -n20 /usr/local/bin/rrdtool update /var/db/rrd/system-mbuf.rrd N:U:U:U:U' returned exit code '1', the output was 'ERROR: /var/db/rrd/system-mbuf.rrd: illegal attempt to update using time 1407939531 when last update time is 1407945316 (minimum one second step)' 
Aug 13 14:18:51 pfSense php: rc.bootup: Creating rrd update script
Aug 13 14:18:51 pfSense syslogd: exiting on signal 15
Aug 13 14:18:51 pfSense syslogd: kernel boot file is /boot/kernel/kernel
Aug 13 14:18:51 pfSense php: rc.start_packages: Restarting/Starting all packages.
Aug 13 14:18:52 pfSense login: login on ttyv0 as root
Aug 13 14:18:52 pfSense sshlockout[76320]: sshlockout/webConfigurator v3.0 starting up
Aug 13 14:18:52 pfSense php: rc.newwanip: pfSense package system has detected an ip change 0.0.0.0 ->  10.10.1.102 ... Restarting packages.
Aug 13 14:18:53 pfSense check_reload_status: Starting packages
Aug 13 14:18:53 pfSense check_reload_status: Reloading filter
Aug 13 14:18:55 pfSense php: rc.start_packages: Restarting/Starting all packages.
Aug 13 14:21:14 pfSense sshd[24436]: Server listening on :: port 22.
Aug 13 14:21:14 pfSense sshd[24436]: Server listening on 0.0.0.0 port 22.
Aug 13 14:25:33 pfSense sshd[82614]: Accepted keyboard-interactive/pam for admin from 192.168.1.100 port 41034 ssh2
Aug 13 14:29:33 pfSense sshd[82614]: Received disconnect from 192.168.1.100: 11: disconnected by user
Aug 13 14:48:57 pfSense sshd[23180]: error: PAM: authentication error for admin from 192.168.1.100
Aug 13 14:48:57 pfSense sshd[23180]: error: PAM: authentication error for admin from 192.168.1.100
Aug 13 14:48:59 pfSense sshd[23180]: error: PAM: authentication error for admin from 192.168.1.100
Aug 13 14:48:59 pfSense sshd[23180]: error: PAM: authentication error for admin from 192.168.1.100
Aug 13 14:49:01 pfSense sshd[23180]: Accepted keyboard-interactive/pam for admin from 192.168.1.100 port 41444 ssh2
Aug 13 14:49:01 pfSense sshd[23180]: Exiting on signal 15
Aug 13 14:49:16 pfSense sshd[27471]: Accepted keyboard-interactive/pam for admin from 192.168.1.100 port 41445 ssh2
Aug 13 14:50:57 pfSense shutdown: reboot by admin: 
Aug 13 14:50:57 pfSense shutdown: reboot by admin: 
Aug 13 14:50:59 pfSense syslogd: exiting on signal 15
Aug 13 14:51:35 pfSense syslogd: kernel boot file is /boot/kernel/kernel
Aug 13 14:51:35 pfSense kernel: Copyright (c) 1992-2012 The FreeBSD Project.
Aug 13 14:51:35 pfSense kernel: Copyright (c) 1979, 1980, 1983, 1986, 1988, 1989, 1991, 1992, 1993, 1994
Aug 13 14:51:35 pfSense kernel: The Regents of the University of California. All rights reserved.
Aug 13 14:51:35 pfSense kernel: FreeBSD is a registered trademark of The FreeBSD Foundation.
Aug 13 14:51:35 pfSense kernel: FreeBSD 8.3-RELEASE-p16 #0: Thu May  1 16:19:14 EDT 2014
Aug 13 14:51:35 pfSense kernel: root@pf2_1_1_amd64.pfsense.org:/usr/obj.amd64/usr/pfSensesrc/src/sys/pfSense_SMP.8 amd64
Aug 13 14:51:35 pfSense kernel: Timecounter "i8254" frequency 1193182 Hz quality 0
Aug 13 14:51:35 pfSense kernel: CPU: Intel(R) Core(TM) i5-4300U CPU @ 1.90GHz (2485.61-MHz K8-class CPU)
Aug 13 14:51:35 pfSense kernel: Origin = "GenuineIntel"  Id = 0x40651  Family = 6  Model = 45  Stepping = 1
Aug 13 14:51:35 pfSense kernel: Features=0x783fbff<FPU,VME,DE,PSE,TSC,MSR,PAE,MCE,CX8,APIC,SEP,MTRR,PGE,MCA,CMOV,PAT,PSE36,MMX,FXSR,SSE,SSE2>
Aug 13 14:51:35 pfSense kernel: Features2=0x209<SSE3,MON,SSSE3>
Aug 13 14:51:35 pfSense kernel: AMD Features=0x28100800<SYSCALL,NX,RDTSCP,LM>
Aug 13 14:51:35 pfSense kernel: AMD Features2=0x1<LAHF>
Aug 13 14:51:35 pfSense kernel: TSC: P-state invariant
Aug 13 14:51:35 pfSense kernel: real memory  = 536805376 (511 MB)
Aug 13 14:51:35 pfSense kernel: avail memory = 491565056 (468 MB)
Aug 13 14:51:35 pfSense kernel: ACPI APIC Table: <VBOX   VBOXAPIC>
Aug 13 14:51:35 pfSense kernel: ioapic0 <Version 1.1> irqs 0-23 on motherboard
Aug 13 14:51:35 pfSense kernel: wlan: mac acl policy registered
Aug 13 14:51:35 pfSense kernel: ipw_bss: You need to read the LICENSE file in /usr/share/doc/legal/intel_ipw/.
Aug 13 14:51:35 pfSense kernel: ipw_bss: If you agree with the license, set legal.intel_ipw.license_ack=1 in /boot/loader.conf.
Aug 13 14:51:35 pfSense kernel: module_register_init: MOD_LOAD (ipw_bss_fw, 0xffffffff804abaf0, 0) error 1
Aug 13 14:51:35 pfSense kernel: ipw_ibss: You need to read the LICENSE file in /usr/share/doc/legal/intel_ipw/.
Aug 13 14:51:35 pfSense kernel: ipw_ibss: If you agree with the license, set legal.intel_ipw.license_ack=1 in /boot/loader.conf.
Aug 13 14:51:35 pfSense kernel: module_register_init: MOD_LOAD (ipw_ibss_fw, 0xffffffff804abb90, 0) error 1
Aug 13 14:51:35 pfSense kernel: ipw_monitor: You need to read the LICENSE file in /usr/share/doc/legal/intel_ipw/.
Aug 13 14:51:35 pfSense kernel: ipw_monitor: If you agree with the license, set legal.intel_ipw.license_ack=1 in /boot/loader.conf.
Aug 13 14:51:35 pfSense kernel: module_register_init: MOD_LOAD (ipw_monitor_fw, 0xffffffff804abc30, 0) error 1
Aug 13 14:51:35 pfSense kernel: kbd1 at kbdmux0
Aug 13 14:51:35 pfSense kernel: cryptosoft0: <software crypto> on motherboard
Aug 13 14:51:35 pfSense kernel: padlock0: No ACE support.
Aug 13 14:51:35 pfSense kernel: acpi0: <VBOX VBOXXSDT> on motherboard
Aug 13 14:51:35 pfSense kernel: acpi0: [ITHREAD]
Aug 13 14:51:35 pfSense kernel: acpi0: Power Button (fixed)
Aug 13 14:51:35 pfSense kernel: acpi0: Sleep Button (fixed)
Aug 13 14:51:35 pfSense kernel: Timecounter "ACPI-safe" frequency 3579545 Hz quality 850
Aug 13 14:51:35 pfSense kernel: acpi_timer0: <32-bit timer at 3.579545MHz> port 0x4008-0x400b on acpi0
Aug 13 14:51:35 pfSense kernel: cpu0: <ACPI CPU> on acpi0
Aug 13 14:51:35 pfSense kernel: pcib0: <ACPI Host-PCI bridge> port 0xcf8-0xcff on acpi0
Aug 13 14:51:35 pfSense kernel: pci0: <ACPI PCI bus> on pcib0
Aug 13 14:51:35 pfSense kernel: isab0: <PCI-ISA bridge> at device 1.0 on pci0
Aug 13 14:51:35 pfSense kernel: isa0: <ISA bus> on isab0
Aug 13 14:51:35 pfSense kernel: atapci0: <Intel PIIX4 UDMA33 controller> port 0x1f0-0x1f7,0x3f6,0x170-0x177,0x376,0xd000-0xd00f at device 1.1 on pci0
Aug 13 14:51:35 pfSense kernel: ata0: <ATA channel> at channel 0 on atapci0
Aug 13 14:51:35 pfSense kernel: ata0: [ITHREAD]
Aug 13 14:51:35 pfSense kernel: ata1: <ATA channel> at channel 1 on atapci0
Aug 13 14:51:35 pfSense kernel: ata1: [ITHREAD]
Aug 13 14:51:35 pfSense kernel: vgapci0: <VGA-compatible display> mem 0xe0000000-0xe07fffff irq 18 at device 2.0 on pci0
Aug 13 14:51:35 pfSense kernel: em0: <Intel(R) PRO/1000 Legacy Network Connection 1.0.6> port 0xd010-0xd017 mem 0xf0000000-0xf001ffff irq 19 at device 3.0 on pci0
Aug 13 14:51:35 pfSense kernel: em0: [FILTER]
Aug 13 14:51:35 pfSense kernel: pci0: <base peripheral> at device 4.0 (no driver attached)
Aug 13 14:51:35 pfSense kernel: pci0: <multimedia, audio> at device 5.0 (no driver attached)
Aug 13 14:51:35 pfSense kernel: ohci0: <OHCI (generic) USB controller> mem 0xf0804000-0xf0804fff irq 22 at device 6.0 on pci0
Aug 13 14:51:35 pfSense kernel: ohci0: [ITHREAD]
Aug 13 14:51:35 pfSense kernel: usbus0: <OHCI (generic) USB controller> on ohci0
Aug 13 14:51:35 pfSense kernel: pci0: <bridge> at device 7.0 (no driver attached)
Aug 13 14:51:35 pfSense kernel: em1: <Intel(R) PRO/1000 Legacy Network Connection 1.0.6> port 0xd240-0xd247 mem 0xf0820000-0xf083ffff irq 16 at device 8.0 on pci0
Aug 13 14:51:35 pfSense kernel: em1: [FILTER]
Aug 13 14:51:35 pfSense kernel: ehci0: <Intel 82801FB (ICH6) USB 2.0 controller> mem 0xf0840000-0xf0840fff irq 19 at device 11.0 on pci0
Aug 13 14:51:35 pfSense kernel: ehci0: [ITHREAD]
Aug 13 14:51:35 pfSense kernel: usbus1: EHCI version 1.0
Aug 13 14:51:35 pfSense kernel: usbus1: <Intel 82801FB (ICH6) USB 2.0 controller> on ehci0
Aug 13 14:51:35 pfSense kernel: battery0: <ACPI Control Method Battery> on acpi0
Aug 13 14:51:35 pfSense kernel: acpi_acad0: <AC Adapter> on acpi0
Aug 13 14:51:35 pfSense kernel: atkbdc0: <Keyboard controller (i8042)> port 0x60,0x64 irq 1 on acpi0
Aug 13 14:51:35 pfSense kernel: atkbd0: <AT Keyboard> irq 1 on atkbdc0
Aug 13 14:51:35 pfSense kernel: kbd0 at atkbd0
Aug 13 14:51:35 pfSense kernel: atkbd0: [GIANT-LOCKED]
Aug 13 14:51:35 pfSense kernel: atkbd0: [ITHREAD]
Aug 13 14:51:35 pfSense kernel: psm0: <PS/2 Mouse> irq 12 on atkbdc0
Aug 13 14:51:35 pfSense kernel: psm0: [GIANT-LOCKED]
Aug 13 14:51:35 pfSense kernel: psm0: [ITHREAD]
Aug 13 14:51:35 pfSense kernel: psm0: model IntelliMouse Explorer, device ID 4
Aug 13 14:51:35 pfSense kernel: orm0: <ISA Option ROMs> at iomem 0xc0000-0xc7fff,0xe2000-0xe2fff on isa0
Aug 13 14:51:35 pfSense kernel: sc0: <System console> at flags 0x100 on isa0
Aug 13 14:51:35 pfSense kernel: sc0: VGA <16 virtual consoles, flags=0x300>
Aug 13 14:51:35 pfSense kernel: vga0: <Generic ISA VGA> at port 0x3c0-0x3df iomem 0xa0000-0xbffff on isa0
Aug 13 14:51:35 pfSense kernel: atrtc0: <AT Real Time Clock> at port 0x70 irq 8 on isa0
Aug 13 14:51:35 pfSense kernel: ppc0: cannot reserve I/O port range
Aug 13 14:51:35 pfSense kernel: Timecounter "TSC" frequency 2485611573 Hz quality 800
Aug 13 14:51:35 pfSense kernel: Timecounters tick every 10.000 msec
Aug 13 14:51:35 pfSense kernel: IPsec: Initialized Security Association Processing.
Aug 13 14:51:35 pfSense kernel: usbus0: 12Mbps Full Speed USB v1.0
Aug 13 14:51:35 pfSense kernel: usbus1: 480Mbps High Speed USB v2.0
Aug 13 14:51:35 pfSense kernel: ugen0.1: <Apple> at usbus0
Aug 13 14:51:35 pfSense kernel: uhub0: <Apple OHCI root HUB, class 9/0, rev 1.00/1.00, addr 1> on usbus0
Aug 13 14:51:35 pfSense kernel: ad0: 2048MB <VBOX HARDDISK 1.0> at ata0-master UDMA33 
Aug 13 14:51:35 pfSense kernel: ugen1.1: <Intel> at usbus1
Aug 13 14:51:35 pfSense kernel: uhub1: <Intel EHCI root HUB, class 9/0, rev 2.00/1.00, addr 1> on usbus1
Aug 13 14:51:35 pfSense kernel: acd0: DVDROM <VBOX CD-ROM/1.0> at ata1-master UDMA33 
Aug 13 14:51:35 pfSense kernel: Root mount waiting for: usbus1 usbus0
Aug 13 14:51:35 pfSense kernel: uhub0: 8 ports with 8 removable, self powered
Aug 13 14:51:35 pfSense kernel: Root mount waiting for: usbus1
Aug 13 14:51:35 pfSense kernel: Root mount waiting for: usbus1
Aug 13 14:51:35 pfSense kernel: Root mount waiting for: usbus1
Aug 13 14:51:35 pfSense kernel: uhub1: 8 ports with 8 removable, self powered
Aug 13 14:51:35 pfSense kernel: Trying to mount root from ufs:/dev/ad0s1a
Aug 13 14:51:35 pfSense kernel: ZFS NOTICE: Prefetch is disabled by default if less than 4GB of RAM is present;
Aug 13 14:51:35 pfSense kernel: to enable, add "vfs.zfs.prefetch_disable=0" to /boot/loader.conf.
Aug 13 14:51:35 pfSense kernel: ZFS WARNING: Recommended minimum kmem_size is 512MB; expect unstable behavior.
Aug 13 14:51:35 pfSense kernel: Consider tuning vm.kmem_size and vm.kmem_size_max
Aug 13 14:51:35 pfSense kernel: in /boot/loader.conf.
Aug 13 14:51:35 pfSense kernel: ZFS filesystem version 5
Aug 13 14:51:35 pfSense kernel: ZFS storage pool version 28
Aug 13 14:52:56 pfSense php: rc.bootup: Accept router advertisements on interface em0 
Aug 13 14:52:56 pfSense php: rc.bootup: Resyncing OpenVPN instances.
Aug 13 14:52:56 pfSense kernel: pflog0: promiscuous mode enabled
Aug 13 14:52:59 pfSense php: rc.bootup: ROUTING: setting default route to 10.10.1.1
Aug 13 14:52:59 pfSense php: rc.bootup: The command '/sbin/route change -inet default '10.10.1.1'' returned exit code '1', the output was 'route: writing to routing socket: No such process route: writing to routing socket: Network is unreachable change net default: gateway 10.10.1.1: Network is unreachable' 
Aug 13 14:53:00 pfSense check_reload_status: Updating all dyndns
Aug 13 14:53:04 pfSense php: rc.bootup: The command '/usr/bin/nice -n20 /usr/local/bin/rrdtool update /var/db/rrd/wan-traffic.rrd N:U:U:U:U:U:U:U:U' returned exit code '1', the output was 'ERROR: /var/db/rrd/wan-traffic.rrd: illegal attempt to update using time 1407941584 when last update time is 1407945315 (minimum one second step)' 
Aug 13 14:53:04 pfSense php: rc.bootup: The command '/usr/bin/nice -n20 /usr/local/bin/rrdtool update /var/db/rrd/wan-packets.rrd N:U:U:U:U:U:U:U:U' returned exit code '1', the output was 'ERROR: /var/db/rrd/wan-packets.rrd: illegal attempt to update using time 1407941584 when last update time is 1407945315 (minimum one second step)' 
Aug 13 14:53:04 pfSense php: rc.bootup: The command '/usr/bin/nice -n20 /usr/local/bin/rrdtool update /var/db/rrd/lan-traffic.rrd N:U:U:U:U:U:U:U:U' returned exit code '1', the output was 'ERROR: /var/db/rrd/lan-traffic.rrd: illegal attempt to update using time 1407941584 when last update time is 1407945315 (minimum one second step)' 
Aug 13 14:53:04 pfSense php: rc.bootup: The command '/usr/bin/nice -n20 /usr/local/bin/rrdtool update /var/db/rrd/lan-packets.rrd N:U:U:U:U:U:U:U:U' returned exit code '1', the output was 'ERROR: /var/db/rrd/lan-packets.rrd: illegal attempt to update using time 1407941584 when last update time is 1407945315 (minimum one second step)' 
Aug 13 14:53:04 pfSense php: rc.bootup: The command '/usr/bin/nice -n20 /usr/local/bin/rrdtool update /var/db/rrd/ipsec-traffic.rrd N:U:U:U:U:U:U:U:U' returned exit code '1', the output was 'ERROR: /var/db/rrd/ipsec-traffic.rrd: illegal attempt to update using time 1407941584 when last update time is 1407945315 (minimum one second step)' 
Aug 13 14:53:04 pfSense php: rc.bootup: The command '/usr/bin/nice -n20 /usr/local/bin/rrdtool update /var/db/rrd/ipsec-packets.rrd N:U:U:U:U:U:U:U:U' returned exit code '1', the output was 'ERROR: /var/db/rrd/ipsec-packets.rrd: illegal attempt to update using time 1407941584 when last update time is 1407945315 (minimum one second step)' 
Aug 13 14:53:04 pfSense php: rc.bootup: The command '/usr/bin/nice -n20 /usr/local/bin/rrdtool update /var/db/rrd/system-states.rrd N:U:U:U:U:U' returned exit code '1', the output was 'ERROR: /var/db/rrd/system-states.rrd: illegal attempt to update using time 1407941584 when last update time is 1407945315 (minimum one second step)' 
Aug 13 14:53:04 pfSense php: rc.bootup: The command '/usr/bin/nice -n20 /usr/local/bin/rrdtool update /var/db/rrd/system-processor.rrd N:U:U:U:U:U' returned exit code '1', the output was 'ERROR: /var/db/rrd/system-processor.rrd: illegal attempt to update using time 1407941584 when last update time is 1407945316 (minimum one second step)' 
Aug 13 14:53:04 pfSense php: rc.bootup: The command '/usr/bin/nice -n20 /usr/local/bin/rrdtool update /var/db/rrd/system-memory.rrd N:U:U:U:U:U' returned exit code '1', the output was 'ERROR: /var/db/rrd/system-memory.rrd: illegal attempt to update using time 1407941584 when last update time is 1407945316 (minimum one second step)' 
Aug 13 14:53:04 pfSense php: rc.bootup: The command '/usr/bin/nice -n20 /usr/local/bin/rrdtool update /var/db/rrd/system-mbuf.rrd N:U:U:U:U' returned exit code '1', the output was 'ERROR: /var/db/rrd/system-mbuf.rrd: illegal attempt to update using time 1407941584 when last update time is 1407945316 (minimum one second step)' 
Aug 13 14:53:04 pfSense php: rc.bootup: Creating rrd update script
Aug 13 14:53:05 pfSense syslogd: exiting on signal 15
Aug 13 14:53:05 pfSense syslogd: kernel boot file is /boot/kernel/kernel
Aug 13 14:53:05 pfSense php: rc.start_packages: Restarting/Starting all packages.
Aug 13 14:53:06 pfSense login: login on ttyv0 as root
Aug 13 14:53:06 pfSense sshlockout[59960]: sshlockout/webConfigurator v3.0 starting up
Aug 13 14:55:58 pfSense sshd[95021]: Server listening on :: port 22.
Aug 13 14:55:58 pfSense sshd[95021]: Server listening on 0.0.0.0 port 22.
Aug 13 14:56:16 pfSense sshd[8842]: Accepted keyboard-interactive/pam for admin from 192.168.1.100 port 41446 ssh2
Aug 13 15:06:20 pfSense admin: jdkhaskdjhak
Aug 14 08:45:15 pfSense syslogd: kernel boot file is /boot/kernel/kernel
Aug 14 08:45:15 pfSense kernel: Copyright (c) 1992-2012 The FreeBSD Project.
Aug 14 08:45:15 pfSense kernel: Copyright (c) 1979, 1980, 1983, 1986, 1988, 1989, 1991, 1992, 1993, 1994
Aug 14 08:45:15 pfSense kernel: The Regents of the University of California. All rights reserved.
Aug 14 08:45:15 pfSense kernel: FreeBSD is a registered trademark of The FreeBSD Foundation.
Aug 14 08:45:15 pfSense kernel: FreeBSD 8.3-RELEASE-p16 #0: Thu May  1 16:19:14 EDT 2014
Aug 14 08:45:15 pfSense kernel: root@pf2_1_1_amd64.pfsense.org:/usr/obj.amd64/usr/pfSensesrc/src/sys/pfSense_SMP.8 amd64
Aug 14 08:45:15 pfSense kernel: Timecounter "i8254" frequency 1193182 Hz quality 0
Aug 14 08:45:15 pfSense kernel: CPU: Intel(R) Core(TM) i5-4300U CPU @ 1.90GHz (1652.53-MHz K8-class CPU)
Aug 14 08:45:15 pfSense kernel: Origin = "GenuineIntel"  Id = 0x40651  Family = 6  Model = 45  Stepping = 1
Aug 14 08:45:15 pfSense kernel: Features=0x783fbff<FPU,VME,DE,PSE,TSC,MSR,PAE,MCE,CX8,APIC,SEP,MTRR,PGE,MCA,CMOV,PAT,PSE36,MMX,FXSR,SSE,SSE2>
Aug 14 08:45:15 pfSense kernel: Features2=0x209<SSE3,MON,SSSE3>
Aug 14 08:45:15 pfSense kernel: AMD Features=0x28100800<SYSCALL,NX,RDTSCP,LM>
Aug 14 08:45:15 pfSense kernel: AMD Features2=0x1<LAHF>
Aug 14 08:45:15 pfSense kernel: TSC: P-state invariant
Aug 14 08:45:15 pfSense kernel: real memory  = 536805376 (511 MB)
Aug 14 08:45:15 pfSense kernel: avail memory = 491565056 (468 MB)
Aug 14 08:45:15 pfSense kernel: ACPI APIC Table: <VBOX   VBOXAPIC>
Aug 14 08:45:15 pfSense kernel: ioapic0 <Version 1.1> irqs 0-23 on motherboard
Aug 14 08:45:15 pfSense kernel: wlan: mac acl policy registered
Aug 14 08:45:15 pfSense kernel: ipw_bss: You need to read the LICENSE file in /usr/share/doc/legal/intel_ipw/.
Aug 14 08:45:15 pfSense kernel: ipw_bss: If you agree with the license, set legal.intel_ipw.license_ack=1 in /boot/loader.conf.
Aug 14 08:45:15 pfSense kernel: module_register_init: MOD_LOAD (ipw_bss_fw, 0xffffffff804abaf0, 0) error 1
Aug 14 08:45:15 pfSense kernel: ipw_ibss: You need to read the LICENSE file in /usr/share/doc/legal/intel_ipw/.
Aug 14 08:45:15 pfSense kernel: ipw_ibss: If you agree with the license, set legal.intel_ipw.license_ack=1 in /boot/loader.conf.
Aug 14 08:45:15 pfSense kernel: module_register_init: MOD_LOAD (ipw_ibss_fw, 0xffffffff804abb90, 0) error 1
Aug 14 08:45:15 pfSense kernel: ipw_monitor: You need to read the LICENSE file in /usr/share/doc/legal/intel_ipw/.
Aug 14 08:45:15 pfSense kernel: ipw_monitor: If you agree with the license, set legal.intel_ipw.license_ack=1 in /boot/loader.conf.
Aug 14 08:45:15 pfSense kernel: module_register_init: MOD_LOAD (ipw_monitor_fw, 0xffffffff804abc30, 0) error 1
Aug 14 08:45:15 pfSense kernel: kbd1 at kbdmux0
Aug 14 08:45:15 pfSense kernel: cryptosoft0: <software crypto> on motherboard
Aug 14 08:45:15 pfSense kernel: padlock0: No ACE support.
Aug 14 08:45:15 pfSense kernel: acpi0: <VBOX VBOXXSDT> on motherboard
Aug 14 08:45:15 pfSense kernel: acpi0: [ITHREAD]
Aug 14 08:45:15 pfSense kernel: acpi0: Power Button (fixed)
Aug 14 08:45:15 pfSense kernel: acpi0: Sleep Button (fixed)
Aug 14 08:45:15 pfSense kernel: Timecounter "ACPI-safe" frequency 3579545 Hz quality 850
Aug 14 08:45:15 pfSense kernel: acpi_timer0: <32-bit timer at 3.579545MHz> port 0x4008-0x400b on acpi0
Aug 14 08:45:15 pfSense kernel: cpu0: <ACPI CPU> on acpi0
Aug 14 08:45:15 pfSense kernel: pcib0: <ACPI Host-PCI bridge> port 0xcf8-0xcff on acpi0
Aug 14 08:45:15 pfSense kernel: pci0: <ACPI PCI bus> on pcib0
Aug 14 08:45:15 pfSense kernel: isab0: <PCI-ISA bridge> at device 1.0 on pci0
Aug 14 08:45:15 pfSense kernel: isa0: <ISA bus> on isab0
Aug 14 08:45:15 pfSense kernel: atapci0: <Intel PIIX4 UDMA33 controller> port 0x1f0-0x1f7,0x3f6,0x170-0x177,0x376,0xd000-0xd00f at device 1.1 on pci0
Aug 14 08:45:15 pfSense kernel: ata0: <ATA channel> at channel 0 on atapci0
Aug 14 08:45:15 pfSense kernel: ata0: [ITHREAD]
Aug 14 08:45:15 pfSense kernel: ata1: <ATA channel> at channel 1 on atapci0
Aug 14 08:45:15 pfSense kernel: ata1: [ITHREAD]
Aug 14 08:45:15 pfSense kernel: vgapci0: <VGA-compatible display> mem 0xe0000000-0xe07fffff irq 18 at device 2.0 on pci0
Aug 14 08:45:15 pfSense kernel: em0: <Intel(R) PRO/1000 Legacy Network Connection 1.0.6> port 0xd010-0xd017 mem 0xf0000000-0xf001ffff irq 19 at device 3.0 on pci0
Aug 14 08:45:15 pfSense kernel: em0: [FILTER]
Aug 14 08:45:15 pfSense kernel: pci0: <base peripheral> at device 4.0 (no driver attached)
Aug 14 08:45:15 pfSense kernel: pci0: <multimedia, audio> at device 5.0 (no driver attached)
Aug 14 08:45:15 pfSense kernel: ohci0: <OHCI (generic) USB controller> mem 0xf0804000-0xf0804fff irq 22 at device 6.0 on pci0
Aug 14 08:45:15 pfSense kernel: ohci0: [ITHREAD]
Aug 14 08:45:15 pfSense kernel: usbus0: <OHCI (generic) USB controller> on ohci0
Aug 14 08:45:15 pfSense kernel: pci0: <bridge> at device 7.0 (no driver attached)
Aug 14 08:45:15 pfSense kernel: em1: <Intel(R) PRO/1000 Legacy Network Connection 1.0.6> port 0xd240-0xd247 mem 0xf0820000-0xf083ffff irq 16 at device 8.0 on pci0
Aug 14 08:45:15 pfSense kernel: em1: [FILTER]
Aug 14 08:45:15 pfSense kernel: ehci0: <Intel 82801FB (ICH6) USB 2.0 controller> mem 0xf0840000-0xf0840fff irq 19 at device 11.0 on pci0
Aug 14 08:45:15 pfSense kernel: ehci0: [ITHREAD]
Aug 14 08:45:15 pfSense kernel: usbus1: EHCI version 1.0
Aug 14 08:45:15 pfSense kernel: usbus1: <Intel 82801FB (ICH6) USB 2.0 controller> on ehci0
Aug 14 08:45:15 pfSense kernel: battery0: <ACPI Control Method Battery> on acpi0
Aug 14 08:45:15 pfSense kernel: acpi_acad0: <AC Adapter> on acpi0
Aug 14 08:45:15 pfSense kernel: atkbdc0: <Keyboard controller (i8042)> port 0x60,0x64 irq 1 on acpi0
Aug 14 08:45:15 pfSense kernel: atkbd0: <AT Keyboard> irq 1 on atkbdc0
Aug 14 08:45:15 pfSense kernel: kbd0 at atkbd0
Aug 14 08:45:15 pfSense kernel: atkbd0: [GIANT-LOCKED]
Aug 14 08:45:15 pfSense kernel: atkbd0: [ITHREAD]
Aug 14 08:45:15 pfSense kernel: psm0: <PS/2 Mouse> irq 12 on atkbdc0
Aug 14 08:45:15 pfSense kernel: psm0: [GIANT-LOCKED]
Aug 14 08:45:15 pfSense kernel: psm0: [ITHREAD]
Aug 14 08:45:15 pfSense kernel: psm0: model IntelliMouse Explorer, device ID 4
Aug 14 08:45:15 pfSense kernel: orm0: <ISA Option ROMs> at iomem 0xc0000-0xc7fff,0xe2000-0xe2fff on isa0
Aug 14 08:45:15 pfSense kernel: sc0: <System console> at flags 0x100 on isa0
Aug 14 08:45:15 pfSense kernel: sc0: VGA <16 virtual consoles, flags=0x300>
Aug 14 08:45:15 pfSense kernel: vga0: <Generic ISA VGA> at port 0x3c0-0x3df iomem 0xa0000-0xbffff on isa0
Aug 14 08:45:15 pfSense kernel: atrtc0: <AT Real Time Clock> at port 0x70 irq 8 on isa0
Aug 14 08:45:15 pfSense kernel: ppc0: cannot reserve I/O port range
Aug 14 08:45:15 pfSense kernel: Timecounter "TSC" frequency 1652527815 Hz quality 800
Aug 14 08:45:15 pfSense kernel: Timecounters tick every 10.000 msec
Aug 14 08:45:15 pfSense kernel: IPsec: Initialized Security Association Processing.
Aug 14 08:45:15 pfSense kernel: usbus0: 12Mbps Full Speed USB v1.0
Aug 14 08:45:15 pfSense kernel: usbus1: 480Mbps High Speed USB v2.0
Aug 14 08:45:15 pfSense kernel: ad0: 2048MB <VBOX HARDDISK 1.0> at ata0-master UDMA33 
Aug 14 08:45:15 pfSense kernel: ugen0.1: <Apple> at usbus0
Aug 14 08:45:15 pfSense kernel: uhub0: <Apple OHCI root HUB, class 9/0, rev 1.00/1.00, addr 1> on usbus0
Aug 14 08:45:15 pfSense kernel: ugen1.1: <Intel> at usbus1
Aug 14 08:45:15 pfSense kernel: uhub1: <Intel EHCI root HUB, class 9/0, rev 2.00/1.00, addr 1> on usbus1
Aug 14 08:45:15 pfSense kernel: acd0: DVDROM <VBOX CD-ROM/1.0> at ata1-master UDMA33 
Aug 14 08:45:15 pfSense kernel: Root mount waiting for: usbus1 usbus0
Aug 14 08:45:15 pfSense kernel: uhub0: 8 ports with 8 removable, self powered
Aug 14 08:45:15 pfSense kernel: Root mount waiting for: usbus1
Aug 14 08:45:15 pfSense kernel: Root mount waiting for: usbus1
Aug 14 08:45:15 pfSense kernel: Root mount waiting for: usbus1
Aug 14 08:45:15 pfSense kernel: uhub1: 8 ports with 8 removable, self powered
Aug 14 08:45:15 pfSense kernel: Trying to mount root from ufs:/dev/ad0s1a
Aug 14 08:45:15 pfSense kernel: WARNING: / was not properly dismounted
Aug 14 08:45:15 pfSense kernel: ZFS NOTICE: Prefetch is disabled by default if less than 4GB of RAM is present;
Aug 14 08:45:15 pfSense kernel: to enable, add "vfs.zfs.prefetch_disable=0" to /boot/loader.conf.
Aug 14 08:45:15 pfSense kernel: ZFS WARNING: Recommended minimum kmem_size is 512MB; expect unstable behavior.
Aug 14 08:45:15 pfSense kernel: Consider tuning vm.kmem_size and vm.kmem_size_max
Aug 14 08:45:15 pfSense kernel: in /boot/loader.conf.
Aug 14 08:45:15 pfSense kernel: ZFS filesystem version 5
Aug 14 08:45:15 pfSense kernel: ZFS storage pool version 28
Aug 14 08:45:16 pfSense php: rc.bootup: Accept router advertisements on interface em0 
Aug 14 08:45:16 pfSense check_reload_status: rc.newwanip starting em0
Aug 14 08:45:16 pfSense php: rc.bootup: Resyncing OpenVPN instances.
Aug 14 08:45:16 pfSense kernel: pflog0: promiscuous mode enabled
Aug 14 08:45:18 pfSense php: rc.newwanip: rc.newwanip: Informational is starting em0.
Aug 14 08:45:18 pfSense php: rc.newwanip: rc.newwanip: on (IP address: 10.10.1.102) (interface: WAN[wan]) (real interface: em0).
Aug 14 08:45:18 pfSense php: rc.newwanip: ROUTING: setting default route to 10.10.1.1
Aug 14 08:45:19 pfSense php: rc.bootup: ROUTING: setting default route to 10.10.1.1
Aug 14 08:45:19 pfSense check_reload_status: Updating all dyndns
Aug 14 03:15:25 pfSense php: rc.newwanip: Resyncing OpenVPN instances for interface WAN.
Aug 14 03:15:25 pfSense php: rc.newwanip: Creating rrd update script
Aug 14 03:15:25 pfSense php: rc.bootup: Creating rrd update script
Aug 14 03:15:25 pfSense syslogd: exiting on signal 15
Aug 14 03:15:25 pfSense syslogd: kernel boot file is /boot/kernel/kernel
Aug 14 03:15:25 pfSense php: rc.start_packages: Restarting/Starting all packages.
Aug 14 03:15:26 pfSense login: login on ttyv0 as root
Aug 14 03:15:26 pfSense sshlockout[79044]: sshlockout/webConfigurator v3.0 starting up
Aug 14 03:15:27 pfSense php: rc.newwanip: pfSense package system has detected an ip change 0.0.0.0 ->  10.10.1.102 ... Restarting packages.
Aug 14 03:15:27 pfSense check_reload_status: Starting packages
Aug 14 03:15:27 pfSense check_reload_status: Reloading filter
Aug 14 03:15:29 pfSense php: rc.start_packages: Restarting/Starting all packages.
Aug 14 03:23:34 pfSense sshd[9569]: Server listening on :: port 22.
Aug 14 03:23:34 pfSense sshd[9569]: Server listening on 0.0.0.0 port 22.
Aug 14 03:26:15 pfSense sshd[39233]: error: PAM: authentication error for admin from 192.168.1.100
Aug 14 03:26:15 pfSense sshd[39233]: error: PAM: authentication error for admin from 192.168.1.100
Aug 14 03:26:17 pfSense sshd[39233]: Accepted keyboard-interactive/pam for admin from 192.168.1.100 port 42138 ssh2
Aug 14 03:38:59 pfSense syslogd: exiting on signal 15
Aug 14 03:39:06 pfSense syslogd: kernel boot file is /boot/kernel/kernel
Aug 14 03:40:20 pfSense syslogd: exiting on signal 2
Aug 14 03:42:46 pfSense syslogd: kernel boot file is /boot/kernel/kernel
Aug 14 03:43:26 pfSense syslogd: exiting on signal 2
Aug 14 03:51:40 pfSense syslogd: kernel boot file is /boot/kernel/kernel
Aug 14 03:52:23 pfSense syslogd: exiting on signal 2
Aug 14 04:03:15 pfSense syslogd: kernel boot file is /boot/kernel/kernel
Aug 14 04:03:15 pfSense kernel: Copyright (c) 1992-2012 The FreeBSD Project.
Aug 14 04:03:15 pfSense kernel: Copyright (c) 1979, 1980, 1983, 1986, 1988, 1989, 1991, 1992, 1993, 1994
Aug 14 04:03:15 pfSense kernel: The Regents of the University of California. All rights reserved.
Aug 14 04:03:15 pfSense kernel: FreeBSD is a registered trademark of The FreeBSD Foundation.
Aug 14 04:03:15 pfSense kernel: FreeBSD 8.3-RELEASE-p16 #0: Thu May  1 16:19:14 EDT 2014
Aug 14 04:03:15 pfSense kernel: root@pf2_1_1_amd64.pfsense.org:/usr/obj.amd64/usr/pfSensesrc/src/sys/pfSense_SMP.8 amd64
Aug 14 04:03:15 pfSense kernel: Timecounter "i8254" frequency 1193182 Hz quality 0
Aug 14 04:03:15 pfSense kernel: CPU: Intel(R) Core(TM) i5-4300U CPU @ 1.90GHz (1654.62-MHz K8-class CPU)
Aug 14 04:03:15 pfSense kernel: Origin = "GenuineIntel"  Id = 0x40651  Family = 6  Model = 45  Stepping = 1
Aug 14 04:03:15 pfSense kernel: Features=0x783fbff<FPU,VME,DE,PSE,TSC,MSR,PAE,MCE,CX8,APIC,SEP,MTRR,PGE,MCA,CMOV,PAT,PSE36,MMX,FXSR,SSE,SSE2>
Aug 14 04:03:15 pfSense kernel: Features2=0x209<SSE3,MON,SSSE3>
Aug 14 04:03:15 pfSense kernel: AMD Features=0x28100800<SYSCALL,NX,RDTSCP,LM>
Aug 14 04:03:15 pfSense kernel: AMD Features2=0x1<LAHF>
Aug 14 04:03:15 pfSense kernel: TSC: P-state invariant
Aug 14 04:03:15 pfSense kernel: real memory  = 536805376 (511 MB)
Aug 14 04:03:15 pfSense kernel: avail memory = 491565056 (468 MB)
Aug 14 04:03:15 pfSense kernel: ACPI APIC Table: <VBOX   VBOXAPIC>
Aug 14 04:03:15 pfSense kernel: ioapic0 <Version 1.1> irqs 0-23 on motherboard
Aug 14 04:03:15 pfSense kernel: wlan: mac acl policy registered
Aug 14 04:03:15 pfSense kernel: ipw_bss: You need to read the LICENSE file in /usr/share/doc/legal/intel_ipw/.
Aug 14 04:03:15 pfSense kernel: ipw_bss: If you agree with the license, set legal.intel_ipw.license_ack=1 in /boot/loader.conf.
Aug 14 04:03:15 pfSense kernel: module_register_init: MOD_LOAD (ipw_bss_fw, 0xffffffff804abaf0, 0) error 1
Aug 14 04:03:15 pfSense kernel: ipw_ibss: You need to read the LICENSE file in /usr/share/doc/legal/intel_ipw/.
Aug 14 04:03:15 pfSense kernel: ipw_ibss: If you agree with the license, set legal.intel_ipw.license_ack=1 in /boot/loader.conf.
Aug 14 04:03:15 pfSense kernel: module_register_init: MOD_LOAD (ipw_ibss_fw, 0xffffffff804abb90, 0) error 1
Aug 14 04:03:15 pfSense kernel: ipw_monitor: You need to read the LICENSE file in /usr/share/doc/legal/intel_ipw/.
Aug 14 04:03:15 pfSense kernel: ipw_monitor: If you agree with the license, set legal.intel_ipw.license_ack=1 in /boot/loader.conf.
Aug 14 04:03:15 pfSense kernel: module_register_init: MOD_LOAD (ipw_monitor_fw, 0xffffffff804abc30, 0) error 1
Aug 14 04:03:15 pfSense kernel: kbd1 at kbdmux0
Aug 14 04:03:15 pfSense kernel: cryptosoft0: <software crypto> on motherboard
Aug 14 04:03:15 pfSense kernel: padlock0: No ACE support.
Aug 14 04:03:15 pfSense kernel: acpi0: <VBOX VBOXXSDT> on motherboard
Aug 14 04:03:15 pfSense kernel: acpi0: [ITHREAD]
Aug 14 04:03:15 pfSense kernel: acpi0: Power Button (fixed)
Aug 14 04:03:15 pfSense kernel: acpi0: Sleep Button (fixed)
Aug 14 04:03:15 pfSense kernel: Timecounter "ACPI-safe" frequency 3579545 Hz quality 850
Aug 14 04:03:15 pfSense kernel: acpi_timer0: <32-bit timer at 3.579545MHz> port 0x4008-0x400b on acpi0
Aug 14 04:03:15 pfSense kernel: cpu0: <ACPI CPU> on acpi0
Aug 14 04:03:15 pfSense kernel: pcib0: <ACPI Host-PCI bridge> port 0xcf8-0xcff on acpi0
Aug 14 04:03:15 pfSense kernel: pci0: <ACPI PCI bus> on pcib0
Aug 14 04:03:15 pfSense kernel: isab0: <PCI-ISA bridge> at device 1.0 on pci0
Aug 14 04:03:15 pfSense kernel: isa0: <ISA bus> on isab0
Aug 14 04:03:15 pfSense kernel: atapci0: <Intel PIIX4 UDMA33 controller> port 0x1f0-0x1f7,0x3f6,0x170-0x177,0x376,0xd000-0xd00f at device 1.1 on pci0
Aug 14 04:03:15 pfSense kernel: ata0: <ATA channel> at channel 0 on atapci0
Aug 14 04:03:15 pfSense kernel: ata0: [ITHREAD]
Aug 14 04:03:15 pfSense kernel: ata1: <ATA channel> at channel 1 on atapci0
Aug 14 04:03:15 pfSense kernel: ata1: [ITHREAD]
